Archive member included to satisfy reference by file (symbol)

.\CortexM0\ARM_GCC_541\Debug\Kursova_9_Varik.a(UART_1.o)
                              .\CortexM0\ARM_GCC_541\Debug\main.o (UART_1_Start)
.\CortexM0\ARM_GCC_541\Debug\Kursova_9_Varik.a(UART_1_SPI_UART.o)
                              .\CortexM0\ARM_GCC_541\Debug\main.o (UART_1_SpiUartWriteTxData)
.\CortexM0\ARM_GCC_541\Debug\Kursova_9_Varik.a(UART_1_UART.o)
                              .\CortexM0\ARM_GCC_541\Debug\Kursova_9_Varik.a(UART_1.o) (UART_1_UartInit)
.\CortexM0\ARM_GCC_541\Debug\Kursova_9_Varik.a(Timer_1.o)
                              .\CortexM0\ARM_GCC_541\Debug\main.o (Timer_1_Start)
.\CortexM0\ARM_GCC_541\Debug\Kursova_9_Varik.a(isr_1.o)
                              .\CortexM0\ARM_GCC_541\Debug\main.o (isr_1_StartEx)
.\CortexM0\ARM_GCC_541\Debug\Kursova_9_Varik.a(Red_Output.o)
                              .\CortexM0\ARM_GCC_541\Debug\main.o (Red_Output_Write)
.\CortexM0\ARM_GCC_541\Debug\Kursova_9_Varik.a(Green_Output.o)
                              .\CortexM0\ARM_GCC_541\Debug\main.o (Green_Output_Write)
.\CortexM0\ARM_GCC_541\Debug\Kursova_9_Varik.a(Blue_Output.o)
                              .\CortexM0\ARM_GCC_541\Debug\main.o (Blue_Output_Write)
.\CortexM0\ARM_GCC_541\Debug\Kursova_9_Varik.a(CyLib.o)
                              .\CortexM0\ARM_GCC_541\Debug\cyfitter_cfg.o (CyIntEnable)
.\CortexM0\ARM_GCC_541\Debug\Kursova_9_Varik.a(CyLFClk.o)
                              .\CortexM0\ARM_GCC_541\Debug\cyfitter_cfg.o (CySysWdtIsr)
.\CortexM0\ARM_GCC_541\Debug\Kursova_9_Varik.a(CyBootAsmGnu.o)
                              .\CortexM0\ARM_GCC_541\Debug\Kursova_9_Varik.a(CyLib.o) (CyDelayCycles)
c:/program files (x86)/cypress/psoc creator/4.4/psoc creator/import/gnu/arm/5.4.1/bin/../lib/gcc/arm-none-eabi/5.4.1/armv6-m\libgcc.a(_udivsi3.o)
                              .\CortexM0\ARM_GCC_541\Debug\Kursova_9_Varik.a(CyLib.o) (__aeabi_uidiv)
c:/program files (x86)/cypress/psoc creator/4.4/psoc creator/import/gnu/arm/5.4.1/bin/../lib/gcc/arm-none-eabi/5.4.1/armv6-m\libgcc.a(_dvmd_tls.o)
                              c:/program files (x86)/cypress/psoc creator/4.4/psoc creator/import/gnu/arm/5.4.1/bin/../lib/gcc/arm-none-eabi/5.4.1/armv6-m\libgcc.a(_udivsi3.o) (__aeabi_idiv0)
c:/program files (x86)/cypress/psoc creator/4.4/psoc creator/import/gnu/arm/5.4.1/bin/../lib/gcc/arm-none-eabi/5.4.1/../../../../arm-none-eabi/lib/armv6-m\libg_nano.a(lib_a-errno.o)
                              .\CortexM0\ARM_GCC_541\Debug\Cm0Start.o (__errno)
c:/program files (x86)/cypress/psoc creator/4.4/psoc creator/import/gnu/arm/5.4.1/bin/../lib/gcc/arm-none-eabi/5.4.1/../../../../arm-none-eabi/lib/armv6-m\libg_nano.a(lib_a-exit.o)
                              c:/program files (x86)/cypress/psoc creator/4.4/psoc creator/import/gnu/arm/5.4.1/bin/../lib/gcc/arm-none-eabi/5.4.1/../../../../arm-none-eabi/lib/armv6-m/crt0.o (exit)
c:/program files (x86)/cypress/psoc creator/4.4/psoc creator/import/gnu/arm/5.4.1/bin/../lib/gcc/arm-none-eabi/5.4.1/../../../../arm-none-eabi/lib/armv6-m\libg_nano.a(lib_a-impure.o)
                              c:/program files (x86)/cypress/psoc creator/4.4/psoc creator/import/gnu/arm/5.4.1/bin/../lib/gcc/arm-none-eabi/5.4.1/../../../../arm-none-eabi/lib/armv6-m\libg_nano.a(lib_a-exit.o) (_global_impure_ptr)
c:/program files (x86)/cypress/psoc creator/4.4/psoc creator/import/gnu/arm/5.4.1/bin/../lib/gcc/arm-none-eabi/5.4.1/../../../../arm-none-eabi/lib/armv6-m\libg_nano.a(lib_a-init.o)
                              c:/program files (x86)/cypress/psoc creator/4.4/psoc creator/import/gnu/arm/5.4.1/bin/../lib/gcc/arm-none-eabi/5.4.1/../../../../arm-none-eabi/lib/armv6-m/crt0.o (__libc_init_array)
c:/program files (x86)/cypress/psoc creator/4.4/psoc creator/import/gnu/arm/5.4.1/bin/../lib/gcc/arm-none-eabi/5.4.1/../../../../arm-none-eabi/lib/armv6-m\libg_nano.a(lib_a-memset.o)
                              c:/program files (x86)/cypress/psoc creator/4.4/psoc creator/import/gnu/arm/5.4.1/bin/../lib/gcc/arm-none-eabi/5.4.1/../../../../arm-none-eabi/lib/armv6-m/crt0.o (memset)

Allocating common symbols
Common symbol       size              file

ChannelDescriptorsArray
                    0x30              .\CortexM0\ARM_GCC_541\Debug\main.o
UartBuffer          0xa               .\CortexM0\ARM_GCC_541\Debug\main.o
UartBufferIdx       0x1               .\CortexM0\ARM_GCC_541\Debug\main.o

Discarded input sections

 .text          0x00000000        0x0 c:/program files (x86)/cypress/psoc creator/4.4/psoc creator/import/gnu/arm/5.4.1/bin/../lib/gcc/arm-none-eabi/5.4.1/armv6-m/crti.o
 .data          0x00000000        0x0 c:/program files (x86)/cypress/psoc creator/4.4/psoc creator/import/gnu/arm/5.4.1/bin/../lib/gcc/arm-none-eabi/5.4.1/armv6-m/crti.o
 .bss           0x00000000        0x0 c:/program files (x86)/cypress/psoc creator/4.4/psoc creator/import/gnu/arm/5.4.1/bin/../lib/gcc/arm-none-eabi/5.4.1/armv6-m/crti.o
 .data          0x00000000        0x4 c:/program files (x86)/cypress/psoc creator/4.4/psoc creator/import/gnu/arm/5.4.1/bin/../lib/gcc/arm-none-eabi/5.4.1/armv6-m/crtbegin.o
 .text          0x00000000       0x78 c:/program files (x86)/cypress/psoc creator/4.4/psoc creator/import/gnu/arm/5.4.1/bin/../lib/gcc/arm-none-eabi/5.4.1/../../../../arm-none-eabi/lib/armv6-m/crt0.o
 .data          0x00000000        0x0 c:/program files (x86)/cypress/psoc creator/4.4/psoc creator/import/gnu/arm/5.4.1/bin/../lib/gcc/arm-none-eabi/5.4.1/../../../../arm-none-eabi/lib/armv6-m/crt0.o
 .bss           0x00000000        0x0 c:/program files (x86)/cypress/psoc creator/4.4/psoc creator/import/gnu/arm/5.4.1/bin/../lib/gcc/arm-none-eabi/5.4.1/../../../../arm-none-eabi/lib/armv6-m/crt0.o
 .ARM.extab     0x00000000        0x0 c:/program files (x86)/cypress/psoc creator/4.4/psoc creator/import/gnu/arm/5.4.1/bin/../lib/gcc/arm-none-eabi/5.4.1/../../../../arm-none-eabi/lib/armv6-m/crt0.o
 .ARM.exidx     0x00000000        0x8 c:/program files (x86)/cypress/psoc creator/4.4/psoc creator/import/gnu/arm/5.4.1/bin/../lib/gcc/arm-none-eabi/5.4.1/../../../../arm-none-eabi/lib/armv6-m/crt0.o
 .text          0x00000000        0x0 .\CortexM0\ARM_GCC_541\Debug\main.o
 .data          0x00000000        0x0 .\CortexM0\ARM_GCC_541\Debug\main.o
 .bss           0x00000000        0x0 .\CortexM0\ARM_GCC_541\Debug\main.o
 .text          0x00000000        0x0 .\CortexM0\ARM_GCC_541\Debug\cyfitter_cfg.o
 .data          0x00000000        0x0 .\CortexM0\ARM_GCC_541\Debug\cyfitter_cfg.o
 .bss           0x00000000        0x0 .\CortexM0\ARM_GCC_541\Debug\cyfitter_cfg.o
 .text          0x00000000        0x0 .\CortexM0\ARM_GCC_541\Debug\cymetadata.o
 .data          0x00000000        0x0 .\CortexM0\ARM_GCC_541\Debug\cymetadata.o
 .bss           0x00000000        0x0 .\CortexM0\ARM_GCC_541\Debug\cymetadata.o
 .text          0x00000000        0x0 .\CortexM0\ARM_GCC_541\Debug\Cm0Start.o
 .data          0x00000000        0x4 .\CortexM0\ARM_GCC_541\Debug\Cm0Start.o
 .bss           0x00000000        0x0 .\CortexM0\ARM_GCC_541\Debug\Cm0Start.o
 .text._exit    0x00000000        0xc .\CortexM0\ARM_GCC_541\Debug\Cm0Start.o
 .text._sbrk    0x00000000       0x30 .\CortexM0\ARM_GCC_541\Debug\Cm0Start.o
 .text          0x00000000        0x0 .\CortexM0\ARM_GCC_541\Debug\Kursova_9_Varik.a(UART_1.o)
 .data          0x00000000        0x0 .\CortexM0\ARM_GCC_541\Debug\Kursova_9_Varik.a(UART_1.o)
 .text.UART_1_ScbModeStop
                0x00000000        0x8 .\CortexM0\ARM_GCC_541\Debug\Kursova_9_Varik.a(UART_1.o)
 .text.UART_1_Stop
                0x00000000       0x20 .\CortexM0\ARM_GCC_541\Debug\Kursova_9_Varik.a(UART_1.o)
 .text.UART_1_SetRxFifoLevel
                0x00000000       0x14 .\CortexM0\ARM_GCC_541\Debug\Kursova_9_Varik.a(UART_1.o)
 .text.UART_1_SetTxFifoLevel
                0x00000000       0x14 .\CortexM0\ARM_GCC_541\Debug\Kursova_9_Varik.a(UART_1.o)
 .text.UART_1_I2CSlaveNackGeneration
                0x00000000       0x3c .\CortexM0\ARM_GCC_541\Debug\Kursova_9_Varik.a(UART_1.o)
 .text          0x00000000        0x0 .\CortexM0\ARM_GCC_541\Debug\Kursova_9_Varik.a(UART_1_SPI_UART.o)
 .data          0x00000000        0x0 .\CortexM0\ARM_GCC_541\Debug\Kursova_9_Varik.a(UART_1_SPI_UART.o)
 .bss           0x00000000        0x0 .\CortexM0\ARM_GCC_541\Debug\Kursova_9_Varik.a(UART_1_SPI_UART.o)
 .text.UART_1_SpiUartClearRxBuffer
                0x00000000       0x20 .\CortexM0\ARM_GCC_541\Debug\Kursova_9_Varik.a(UART_1_SPI_UART.o)
 .text.UART_1_SpiUartPutArray
                0x00000000       0x18 .\CortexM0\ARM_GCC_541\Debug\Kursova_9_Varik.a(UART_1_SPI_UART.o)
 .text.UART_1_SpiUartGetTxBufferSize
                0x00000000       0x10 .\CortexM0\ARM_GCC_541\Debug\Kursova_9_Varik.a(UART_1_SPI_UART.o)
 .text.UART_1_SpiUartClearTxBuffer
                0x00000000       0x20 .\CortexM0\ARM_GCC_541\Debug\Kursova_9_Varik.a(UART_1_SPI_UART.o)
 .text.UART_1_SpiUartDisableIntRx
                0x00000000       0x10 .\CortexM0\ARM_GCC_541\Debug\Kursova_9_Varik.a(UART_1_SPI_UART.o)
 .text.UART_1_SpiUartDisableIntTx
                0x00000000       0x10 .\CortexM0\ARM_GCC_541\Debug\Kursova_9_Varik.a(UART_1_SPI_UART.o)
 .text          0x00000000        0x0 .\CortexM0\ARM_GCC_541\Debug\Kursova_9_Varik.a(UART_1_UART.o)
 .data          0x00000000        0x0 .\CortexM0\ARM_GCC_541\Debug\Kursova_9_Varik.a(UART_1_UART.o)
 .bss           0x00000000        0x0 .\CortexM0\ARM_GCC_541\Debug\Kursova_9_Varik.a(UART_1_UART.o)
 .text.UART_1_UartStop
                0x00000000       0x2c .\CortexM0\ARM_GCC_541\Debug\Kursova_9_Varik.a(UART_1_UART.o)
 .text.UART_1_UartSetRxAddress
                0x00000000       0x14 .\CortexM0\ARM_GCC_541\Debug\Kursova_9_Varik.a(UART_1_UART.o)
 .text.UART_1_UartSetRxAddressMask
                0x00000000       0x18 .\CortexM0\ARM_GCC_541\Debug\Kursova_9_Varik.a(UART_1_UART.o)
 .text.UART_1_UartGetByte
                0x00000000       0x34 .\CortexM0\ARM_GCC_541\Debug\Kursova_9_Varik.a(UART_1_UART.o)
 .text.UART_1_UartPutString
                0x00000000       0x18 .\CortexM0\ARM_GCC_541\Debug\Kursova_9_Varik.a(UART_1_UART.o)
 .text.UART_1_UartPutCRLF
                0x00000000       0x14 .\CortexM0\ARM_GCC_541\Debug\Kursova_9_Varik.a(UART_1_UART.o)
 .text.UART_1_UartSendBreakBlocking
                0x00000000       0x58 .\CortexM0\ARM_GCC_541\Debug\Kursova_9_Varik.a(UART_1_UART.o)
 .text          0x00000000        0x0 .\CortexM0\ARM_GCC_541\Debug\Kursova_9_Varik.a(Timer_1.o)
 .data          0x00000000        0x0 .\CortexM0\ARM_GCC_541\Debug\Kursova_9_Varik.a(Timer_1.o)
 .text.Timer_1_Stop
                0x00000000       0x10 .\CortexM0\ARM_GCC_541\Debug\Kursova_9_Varik.a(Timer_1.o)
 .text.Timer_1_SoftwareCapture
                0x00000000        0xc .\CortexM0\ARM_GCC_541\Debug\Kursova_9_Varik.a(Timer_1.o)
 .text.Timer_1_ReadControlRegister
                0x00000000        0xc .\CortexM0\ARM_GCC_541\Debug\Kursova_9_Varik.a(Timer_1.o)
 .text.Timer_1_WriteControlRegister
                0x00000000        0xc .\CortexM0\ARM_GCC_541\Debug\Kursova_9_Varik.a(Timer_1.o)
 .text.Timer_1_ReadPeriod
                0x00000000        0xc .\CortexM0\ARM_GCC_541\Debug\Kursova_9_Varik.a(Timer_1.o)
 .text.Timer_1_ReadCounter
                0x00000000       0x14 .\CortexM0\ARM_GCC_541\Debug\Kursova_9_Varik.a(Timer_1.o)
 .text          0x00000000        0x0 .\CortexM0\ARM_GCC_541\Debug\Kursova_9_Varik.a(isr_1.o)
 .data          0x00000000        0x0 .\CortexM0\ARM_GCC_541\Debug\Kursova_9_Varik.a(isr_1.o)
 .bss           0x00000000        0x0 .\CortexM0\ARM_GCC_541\Debug\Kursova_9_Varik.a(isr_1.o)
 .text.isr_1_Interrupt
                0x00000000        0x4 .\CortexM0\ARM_GCC_541\Debug\Kursova_9_Varik.a(isr_1.o)
 .text.isr_1_GetVector
                0x00000000        0xc .\CortexM0\ARM_GCC_541\Debug\Kursova_9_Varik.a(isr_1.o)
 .text.isr_1_GetPriority
                0x00000000       0x10 .\CortexM0\ARM_GCC_541\Debug\Kursova_9_Varik.a(isr_1.o)
 .text.isr_1_GetState
                0x00000000       0x10 .\CortexM0\ARM_GCC_541\Debug\Kursova_9_Varik.a(isr_1.o)
 .text.isr_1_Start
                0x00000000       0x1c .\CortexM0\ARM_GCC_541\Debug\Kursova_9_Varik.a(isr_1.o)
 .text.isr_1_Stop
                0x00000000       0x14 .\CortexM0\ARM_GCC_541\Debug\Kursova_9_Varik.a(isr_1.o)
 .text.isr_1_SetPending
                0x00000000        0xc .\CortexM0\ARM_GCC_541\Debug\Kursova_9_Varik.a(isr_1.o)
 .text.isr_1_ClearPending
                0x00000000        0xc .\CortexM0\ARM_GCC_541\Debug\Kursova_9_Varik.a(isr_1.o)
 .text          0x00000000        0x0 .\CortexM0\ARM_GCC_541\Debug\Kursova_9_Varik.a(Red_Output.o)
 .data          0x00000000        0x0 .\CortexM0\ARM_GCC_541\Debug\Kursova_9_Varik.a(Red_Output.o)
 .bss           0x00000000        0x0 .\CortexM0\ARM_GCC_541\Debug\Kursova_9_Varik.a(Red_Output.o)
 .text.Red_Output_SetDriveMode
                0x00000000       0x18 .\CortexM0\ARM_GCC_541\Debug\Kursova_9_Varik.a(Red_Output.o)
 .text.Red_Output_Read
                0x00000000       0x10 .\CortexM0\ARM_GCC_541\Debug\Kursova_9_Varik.a(Red_Output.o)
 .text.Red_Output_ReadDataReg
                0x00000000       0x10 .\CortexM0\ARM_GCC_541\Debug\Kursova_9_Varik.a(Red_Output.o)
 .text.Red_Output_SetInterruptMode
                0x00000000       0x14 .\CortexM0\ARM_GCC_541\Debug\Kursova_9_Varik.a(Red_Output.o)
 .text.Red_Output_ClearInterrupt
                0x00000000       0x14 .\CortexM0\ARM_GCC_541\Debug\Kursova_9_Varik.a(Red_Output.o)
 .text          0x00000000        0x0 .\CortexM0\ARM_GCC_541\Debug\Kursova_9_Varik.a(Green_Output.o)
 .data          0x00000000        0x0 .\CortexM0\ARM_GCC_541\Debug\Kursova_9_Varik.a(Green_Output.o)
 .bss           0x00000000        0x0 .\CortexM0\ARM_GCC_541\Debug\Kursova_9_Varik.a(Green_Output.o)
 .text.Green_Output_SetDriveMode
                0x00000000       0x18 .\CortexM0\ARM_GCC_541\Debug\Kursova_9_Varik.a(Green_Output.o)
 .text.Green_Output_Read
                0x00000000       0x10 .\CortexM0\ARM_GCC_541\Debug\Kursova_9_Varik.a(Green_Output.o)
 .text.Green_Output_ReadDataReg
                0x00000000       0x10 .\CortexM0\ARM_GCC_541\Debug\Kursova_9_Varik.a(Green_Output.o)
 .text.Green_Output_SetInterruptMode
                0x00000000       0x14 .\CortexM0\ARM_GCC_541\Debug\Kursova_9_Varik.a(Green_Output.o)
 .text.Green_Output_ClearInterrupt
                0x00000000       0x14 .\CortexM0\ARM_GCC_541\Debug\Kursova_9_Varik.a(Green_Output.o)
 .text          0x00000000        0x0 .\CortexM0\ARM_GCC_541\Debug\Kursova_9_Varik.a(Blue_Output.o)
 .data          0x00000000        0x0 .\CortexM0\ARM_GCC_541\Debug\Kursova_9_Varik.a(Blue_Output.o)
 .bss           0x00000000        0x0 .\CortexM0\ARM_GCC_541\Debug\Kursova_9_Varik.a(Blue_Output.o)
 .text.Blue_Output_SetDriveMode
                0x00000000       0x18 .\CortexM0\ARM_GCC_541\Debug\Kursova_9_Varik.a(Blue_Output.o)
 .text.Blue_Output_Read
                0x00000000       0x10 .\CortexM0\ARM_GCC_541\Debug\Kursova_9_Varik.a(Blue_Output.o)
 .text.Blue_Output_ReadDataReg
                0x00000000       0x10 .\CortexM0\ARM_GCC_541\Debug\Kursova_9_Varik.a(Blue_Output.o)
 .text.Blue_Output_SetInterruptMode
                0x00000000       0x14 .\CortexM0\ARM_GCC_541\Debug\Kursova_9_Varik.a(Blue_Output.o)
 .text.Blue_Output_ClearInterrupt
                0x00000000       0x14 .\CortexM0\ARM_GCC_541\Debug\Kursova_9_Varik.a(Blue_Output.o)
 .text          0x00000000        0x0 .\CortexM0\ARM_GCC_541\Debug\Kursova_9_Varik.a(CyLib.o)
 .bss           0x00000000       0x18 .\CortexM0\ARM_GCC_541\Debug\Kursova_9_Varik.a(CyLib.o)
 .text.CySysClkImoStart
                0x00000000       0x14 .\CortexM0\ARM_GCC_541\Debug\Kursova_9_Varik.a(CyLib.o)
 .text.CySysClkImoStop
                0x00000000       0x10 .\CortexM0\ARM_GCC_541\Debug\Kursova_9_Varik.a(CyLib.o)
 .text.CySysClkWriteHfclkDirect
                0x00000000       0x20 .\CortexM0\ARM_GCC_541\Debug\Kursova_9_Varik.a(CyLib.o)
 .text.CySysEnablePumpClock
                0x00000000       0x38 .\CortexM0\ARM_GCC_541\Debug\Kursova_9_Varik.a(CyLib.o)
 .text.CySysClkGetSysclkSource
                0x00000000       0x1c .\CortexM0\ARM_GCC_541\Debug\Kursova_9_Varik.a(CyLib.o)
 .text.CySysClkWriteSysclkDiv
                0x00000000       0x30 .\CortexM0\ARM_GCC_541\Debug\Kursova_9_Varik.a(CyLib.o)
 .text.CySysLvdDisable
                0x00000000       0x20 .\CortexM0\ARM_GCC_541\Debug\Kursova_9_Varik.a(CyLib.o)
 .text.CySysLvdGetInterruptSource
                0x00000000       0x10 .\CortexM0\ARM_GCC_541\Debug\Kursova_9_Varik.a(CyLib.o)
 .text.CySysLvdClearInterrupt
                0x00000000        0xc .\CortexM0\ARM_GCC_541\Debug\Kursova_9_Varik.a(CyLib.o)
 .text.CySysGetResetReason
                0x00000000       0x14 .\CortexM0\ARM_GCC_541\Debug\Kursova_9_Varik.a(CyLib.o)
 .text.CyDisableInts
                0x00000000       0x10 .\CortexM0\ARM_GCC_541\Debug\Kursova_9_Varik.a(CyLib.o)
 .text.CyEnableInts
                0x00000000        0xc .\CortexM0\ARM_GCC_541\Debug\Kursova_9_Varik.a(CyLib.o)
 .text.CyIntGetState
                0x00000000       0x18 .\CortexM0\ARM_GCC_541\Debug\Kursova_9_Varik.a(CyLib.o)
 .text.CyIntDisable
                0x00000000       0x14 .\CortexM0\ARM_GCC_541\Debug\Kursova_9_Varik.a(CyLib.o)
 .text.CyIntSetPending
                0x00000000       0x14 .\CortexM0\ARM_GCC_541\Debug\Kursova_9_Varik.a(CyLib.o)
 .text.CyIntClearPending
                0x00000000       0x14 .\CortexM0\ARM_GCC_541\Debug\Kursova_9_Varik.a(CyLib.o)
 .text.CyIntSetSysVector
                0x00000000       0x20 .\CortexM0\ARM_GCC_541\Debug\Kursova_9_Varik.a(CyLib.o)
 .text.CyIntGetSysVector
                0x00000000       0x1c .\CortexM0\ARM_GCC_541\Debug\Kursova_9_Varik.a(CyLib.o)
 .text.CyIntGetVector
                0x00000000       0x20 .\CortexM0\ARM_GCC_541\Debug\Kursova_9_Varik.a(CyLib.o)
 .text.CyIntSetPriority
                0x00000000       0x4c .\CortexM0\ARM_GCC_541\Debug\Kursova_9_Varik.a(CyLib.o)
 .text.CyIntGetPriority
                0x00000000       0x2c .\CortexM0\ARM_GCC_541\Debug\Kursova_9_Varik.a(CyLib.o)
 .text.CySoftwareReset
                0x00000000       0x18 .\CortexM0\ARM_GCC_541\Debug\Kursova_9_Varik.a(CyLib.o)
 .text.CyDelay  0x00000000       0x30 .\CortexM0\ARM_GCC_541\Debug\Kursova_9_Varik.a(CyLib.o)
 .text.CySysLvdEnable
                0x00000000       0x44 .\CortexM0\ARM_GCC_541\Debug\Kursova_9_Varik.a(CyLib.o)
 .text.CyDelayFreq
                0x00000000       0x4c .\CortexM0\ARM_GCC_541\Debug\Kursova_9_Varik.a(CyLib.o)
 .text.CySysTickStop
                0x00000000       0x10 .\CortexM0\ARM_GCC_541\Debug\Kursova_9_Varik.a(CyLib.o)
 .text.CySysTickEnableInterrupt
                0x00000000       0x10 .\CortexM0\ARM_GCC_541\Debug\Kursova_9_Varik.a(CyLib.o)
 .text.CySysTickEnable
                0x00000000       0x18 .\CortexM0\ARM_GCC_541\Debug\Kursova_9_Varik.a(CyLib.o)
 .text.CySysTickDisableInterrupt
                0x00000000       0x10 .\CortexM0\ARM_GCC_541\Debug\Kursova_9_Varik.a(CyLib.o)
 .text.CySysTickSetReload
                0x00000000       0x10 .\CortexM0\ARM_GCC_541\Debug\Kursova_9_Varik.a(CyLib.o)
 .text.CySysTickGetReload
                0x00000000       0x10 .\CortexM0\ARM_GCC_541\Debug\Kursova_9_Varik.a(CyLib.o)
 .text.CySysTickGetValue
                0x00000000       0x10 .\CortexM0\ARM_GCC_541\Debug\Kursova_9_Varik.a(CyLib.o)
 .text.CySysTickGetCountFlag
                0x00000000       0x10 .\CortexM0\ARM_GCC_541\Debug\Kursova_9_Varik.a(CyLib.o)
 .text.CySysTickServiceCallbacks
                0x00000000       0x28 .\CortexM0\ARM_GCC_541\Debug\Kursova_9_Varik.a(CyLib.o)
 .text.CySysTickClear
                0x00000000        0xc .\CortexM0\ARM_GCC_541\Debug\Kursova_9_Varik.a(CyLib.o)
 .text.CySysTickInit
                0x00000000       0x40 .\CortexM0\ARM_GCC_541\Debug\Kursova_9_Varik.a(CyLib.o)
 .text.CySysTickStart
                0x00000000       0x20 .\CortexM0\ARM_GCC_541\Debug\Kursova_9_Varik.a(CyLib.o)
 .text.CySysTickSetCallback
                0x00000000       0x10 .\CortexM0\ARM_GCC_541\Debug\Kursova_9_Varik.a(CyLib.o)
 .text.CySysTickGetCallback
                0x00000000        0xc .\CortexM0\ARM_GCC_541\Debug\Kursova_9_Varik.a(CyLib.o)
 .text.CyGetUniqueId
                0x00000000       0x70 .\CortexM0\ARM_GCC_541\Debug\Kursova_9_Varik.a(CyLib.o)
 .text          0x00000000        0x0 .\CortexM0\ARM_GCC_541\Debug\Kursova_9_Varik.a(CyLFClk.o)
 .text.CySysClkIloEnabled
                0x00000000       0x14 .\CortexM0\ARM_GCC_541\Debug\Kursova_9_Varik.a(CyLFClk.o)
 .text.CySysClkIloStart
                0x00000000       0x14 .\CortexM0\ARM_GCC_541\Debug\Kursova_9_Varik.a(CyLFClk.o)
 .text.CySysClkIloStartMeasurement
                0x00000000       0x34 .\CortexM0\ARM_GCC_541\Debug\Kursova_9_Varik.a(CyLFClk.o)
 .text.CySysClkIloStopMeasurement
                0x00000000       0x14 .\CortexM0\ARM_GCC_541\Debug\Kursova_9_Varik.a(CyLFClk.o)
 .text.CySysClkIloCompensate
                0x00000000      0x104 .\CortexM0\ARM_GCC_541\Debug\Kursova_9_Varik.a(CyLFClk.o)
 .text.CySysWdtGetEnabledStatus
                0x00000000       0x24 .\CortexM0\ARM_GCC_541\Debug\Kursova_9_Varik.a(CyLFClk.o)
 .text.CySysWdtSetMode
                0x00000000       0x38 .\CortexM0\ARM_GCC_541\Debug\Kursova_9_Varik.a(CyLFClk.o)
 .text.CySysClkLfclkPosedgeRestore
                0x00000000       0x2c .\CortexM0\ARM_GCC_541\Debug\Kursova_9_Varik.a(CyLFClk.o)
 .text.CySysWdtGetMode
                0x00000000       0x14 .\CortexM0\ARM_GCC_541\Debug\Kursova_9_Varik.a(CyLFClk.o)
 .text.CySysWdtSetClearOnMatch
                0x00000000       0x34 .\CortexM0\ARM_GCC_541\Debug\Kursova_9_Varik.a(CyLFClk.o)
 .text.CySysWdtGetClearOnMatch
                0x00000000       0x24 .\CortexM0\ARM_GCC_541\Debug\Kursova_9_Varik.a(CyLFClk.o)
 .text.CySysWdtEnable
                0x00000000       0x40 .\CortexM0\ARM_GCC_541\Debug\Kursova_9_Varik.a(CyLFClk.o)
 .text.CySysWdtDisable
                0x00000000       0x44 .\CortexM0\ARM_GCC_541\Debug\Kursova_9_Varik.a(CyLFClk.o)
 .text.CySysWdtSetCascade
                0x00000000       0x34 .\CortexM0\ARM_GCC_541\Debug\Kursova_9_Varik.a(CyLFClk.o)
 .text.CySysWdtGetCascade
                0x00000000       0x14 .\CortexM0\ARM_GCC_541\Debug\Kursova_9_Varik.a(CyLFClk.o)
 .text.CySysWdtSetMatch
                0x00000000       0x38 .\CortexM0\ARM_GCC_541\Debug\Kursova_9_Varik.a(CyLFClk.o)
 .text.CySysWdtSetToggleBit
                0x00000000       0x30 .\CortexM0\ARM_GCC_541\Debug\Kursova_9_Varik.a(CyLFClk.o)
 .text.CySysWdtGetToggleBit
                0x00000000       0x10 .\CortexM0\ARM_GCC_541\Debug\Kursova_9_Varik.a(CyLFClk.o)
 .text.CySysWdtGetMatch
                0x00000000       0x20 .\CortexM0\ARM_GCC_541\Debug\Kursova_9_Varik.a(CyLFClk.o)
 .text.CySysWdtGetCount
                0x00000000       0x3c .\CortexM0\ARM_GCC_541\Debug\Kursova_9_Varik.a(CyLFClk.o)
 .text.CySysClkLfclkPosedgeCatch
                0x00000000       0x74 .\CortexM0\ARM_GCC_541\Debug\Kursova_9_Varik.a(CyLFClk.o)
 .text.CySysClkIloStop
                0x00000000       0x38 .\CortexM0\ARM_GCC_541\Debug\Kursova_9_Varik.a(CyLFClk.o)
 .text.CySysWdtGetInterruptSource
                0x00000000       0x14 .\CortexM0\ARM_GCC_541\Debug\Kursova_9_Varik.a(CyLFClk.o)
 .text.CySysWdtResetCounters
                0x00000000       0x20 .\CortexM0\ARM_GCC_541\Debug\Kursova_9_Varik.a(CyLFClk.o)
 .text.CySysWdtSetInterruptCallback
                0x00000000       0x20 .\CortexM0\ARM_GCC_541\Debug\Kursova_9_Varik.a(CyLFClk.o)
 .text.CySysWdtGetInterruptCallback
                0x00000000       0x20 .\CortexM0\ARM_GCC_541\Debug\Kursova_9_Varik.a(CyLFClk.o)
 .text.CySysWdtEnableCounterIsr
                0x00000000       0x34 .\CortexM0\ARM_GCC_541\Debug\Kursova_9_Varik.a(CyLFClk.o)
 .text.CySysWdtDisableCounterIsr
                0x00000000       0x28 .\CortexM0\ARM_GCC_541\Debug\Kursova_9_Varik.a(CyLFClk.o)
 .text.CySysWatchdogFeed
                0x00000000       0x60 .\CortexM0\ARM_GCC_541\Debug\Kursova_9_Varik.a(CyLFClk.o)
 .text.CySysTimerDelayUntilMatch
                0x00000000       0x6c .\CortexM0\ARM_GCC_541\Debug\Kursova_9_Varik.a(CyLFClk.o)
 .text.CySysTimerDelay
                0x00000000       0x3c .\CortexM0\ARM_GCC_541\Debug\Kursova_9_Varik.a(CyLFClk.o)
 .rodata        0x00000000        0xc .\CortexM0\ARM_GCC_541\Debug\Kursova_9_Varik.a(CyLFClk.o)
 .data          0x00000000        0x0 .\CortexM0\ARM_GCC_541\Debug\Kursova_9_Varik.a(CyBootAsmGnu.o)
 .bss           0x00000000        0x0 .\CortexM0\ARM_GCC_541\Debug\Kursova_9_Varik.a(CyBootAsmGnu.o)
 .text          0x00000000      0x114 c:/program files (x86)/cypress/psoc creator/4.4/psoc creator/import/gnu/arm/5.4.1/bin/../lib/gcc/arm-none-eabi/5.4.1/armv6-m\libgcc.a(_udivsi3.o)
 .data          0x00000000        0x0 c:/program files (x86)/cypress/psoc creator/4.4/psoc creator/import/gnu/arm/5.4.1/bin/../lib/gcc/arm-none-eabi/5.4.1/armv6-m\libgcc.a(_udivsi3.o)
 .bss           0x00000000        0x0 c:/program files (x86)/cypress/psoc creator/4.4/psoc creator/import/gnu/arm/5.4.1/bin/../lib/gcc/arm-none-eabi/5.4.1/armv6-m\libgcc.a(_udivsi3.o)
 .text          0x00000000        0x4 c:/program files (x86)/cypress/psoc creator/4.4/psoc creator/import/gnu/arm/5.4.1/bin/../lib/gcc/arm-none-eabi/5.4.1/armv6-m\libgcc.a(_dvmd_tls.o)
 .data          0x00000000        0x0 c:/program files (x86)/cypress/psoc creator/4.4/psoc creator/import/gnu/arm/5.4.1/bin/../lib/gcc/arm-none-eabi/5.4.1/armv6-m\libgcc.a(_dvmd_tls.o)
 .bss           0x00000000        0x0 c:/program files (x86)/cypress/psoc creator/4.4/psoc creator/import/gnu/arm/5.4.1/bin/../lib/gcc/arm-none-eabi/5.4.1/armv6-m\libgcc.a(_dvmd_tls.o)
 .text          0x00000000        0x0 c:/program files (x86)/cypress/psoc creator/4.4/psoc creator/import/gnu/arm/5.4.1/bin/../lib/gcc/arm-none-eabi/5.4.1/../../../../arm-none-eabi/lib/armv6-m\libg_nano.a(lib_a-errno.o)
 .data          0x00000000        0x0 c:/program files (x86)/cypress/psoc creator/4.4/psoc creator/import/gnu/arm/5.4.1/bin/../lib/gcc/arm-none-eabi/5.4.1/../../../../arm-none-eabi/lib/armv6-m\libg_nano.a(lib_a-errno.o)
 .bss           0x00000000        0x0 c:/program files (x86)/cypress/psoc creator/4.4/psoc creator/import/gnu/arm/5.4.1/bin/../lib/gcc/arm-none-eabi/5.4.1/../../../../arm-none-eabi/lib/armv6-m\libg_nano.a(lib_a-errno.o)
 .text          0x00000000        0x0 c:/program files (x86)/cypress/psoc creator/4.4/psoc creator/import/gnu/arm/5.4.1/bin/../lib/gcc/arm-none-eabi/5.4.1/../../../../arm-none-eabi/lib/armv6-m\libg_nano.a(lib_a-exit.o)
 .data          0x00000000        0x0 c:/program files (x86)/cypress/psoc creator/4.4/psoc creator/import/gnu/arm/5.4.1/bin/../lib/gcc/arm-none-eabi/5.4.1/../../../../arm-none-eabi/lib/armv6-m\libg_nano.a(lib_a-exit.o)
 .bss           0x00000000        0x0 c:/program files (x86)/cypress/psoc creator/4.4/psoc creator/import/gnu/arm/5.4.1/bin/../lib/gcc/arm-none-eabi/5.4.1/../../../../arm-none-eabi/lib/armv6-m\libg_nano.a(lib_a-exit.o)
 .text.exit     0x00000000       0x2c c:/program files (x86)/cypress/psoc creator/4.4/psoc creator/import/gnu/arm/5.4.1/bin/../lib/gcc/arm-none-eabi/5.4.1/../../../../arm-none-eabi/lib/armv6-m\libg_nano.a(lib_a-exit.o)
 .text          0x00000000        0x0 c:/program files (x86)/cypress/psoc creator/4.4/psoc creator/import/gnu/arm/5.4.1/bin/../lib/gcc/arm-none-eabi/5.4.1/../../../../arm-none-eabi/lib/armv6-m\libg_nano.a(lib_a-impure.o)
 .data          0x00000000        0x0 c:/program files (x86)/cypress/psoc creator/4.4/psoc creator/import/gnu/arm/5.4.1/bin/../lib/gcc/arm-none-eabi/5.4.1/../../../../arm-none-eabi/lib/armv6-m\libg_nano.a(lib_a-impure.o)
 .bss           0x00000000        0x0 c:/program files (x86)/cypress/psoc creator/4.4/psoc creator/import/gnu/arm/5.4.1/bin/../lib/gcc/arm-none-eabi/5.4.1/../../../../arm-none-eabi/lib/armv6-m\libg_nano.a(lib_a-impure.o)
 .rodata._global_impure_ptr
                0x00000000        0x4 c:/program files (x86)/cypress/psoc creator/4.4/psoc creator/import/gnu/arm/5.4.1/bin/../lib/gcc/arm-none-eabi/5.4.1/../../../../arm-none-eabi/lib/armv6-m\libg_nano.a(lib_a-impure.o)
 .text          0x00000000        0x0 c:/program files (x86)/cypress/psoc creator/4.4/psoc creator/import/gnu/arm/5.4.1/bin/../lib/gcc/arm-none-eabi/5.4.1/../../../../arm-none-eabi/lib/armv6-m\libg_nano.a(lib_a-init.o)
 .data          0x00000000        0x0 c:/program files (x86)/cypress/psoc creator/4.4/psoc creator/import/gnu/arm/5.4.1/bin/../lib/gcc/arm-none-eabi/5.4.1/../../../../arm-none-eabi/lib/armv6-m\libg_nano.a(lib_a-init.o)
 .bss           0x00000000        0x0 c:/program files (x86)/cypress/psoc creator/4.4/psoc creator/import/gnu/arm/5.4.1/bin/../lib/gcc/arm-none-eabi/5.4.1/../../../../arm-none-eabi/lib/armv6-m\libg_nano.a(lib_a-init.o)
 .text          0x00000000        0x0 c:/program files (x86)/cypress/psoc creator/4.4/psoc creator/import/gnu/arm/5.4.1/bin/../lib/gcc/arm-none-eabi/5.4.1/../../../../arm-none-eabi/lib/armv6-m\libg_nano.a(lib_a-memset.o)
 .data          0x00000000        0x0 c:/program files (x86)/cypress/psoc creator/4.4/psoc creator/import/gnu/arm/5.4.1/bin/../lib/gcc/arm-none-eabi/5.4.1/../../../../arm-none-eabi/lib/armv6-m\libg_nano.a(lib_a-memset.o)
 .bss           0x00000000        0x0 c:/program files (x86)/cypress/psoc creator/4.4/psoc creator/import/gnu/arm/5.4.1/bin/../lib/gcc/arm-none-eabi/5.4.1/../../../../arm-none-eabi/lib/armv6-m\libg_nano.a(lib_a-memset.o)
 .text          0x00000000        0x0 c:/program files (x86)/cypress/psoc creator/4.4/psoc creator/import/gnu/arm/5.4.1/bin/../lib/gcc/arm-none-eabi/5.4.1/armv6-m/crtend.o
 .data          0x00000000        0x0 c:/program files (x86)/cypress/psoc creator/4.4/psoc creator/import/gnu/arm/5.4.1/bin/../lib/gcc/arm-none-eabi/5.4.1/armv6-m/crtend.o
 .bss           0x00000000        0x0 c:/program files (x86)/cypress/psoc creator/4.4/psoc creator/import/gnu/arm/5.4.1/bin/../lib/gcc/arm-none-eabi/5.4.1/armv6-m/crtend.o
 .text          0x00000000        0x0 c:/program files (x86)/cypress/psoc creator/4.4/psoc creator/import/gnu/arm/5.4.1/bin/../lib/gcc/arm-none-eabi/5.4.1/armv6-m/crtn.o
 .data          0x00000000        0x0 c:/program files (x86)/cypress/psoc creator/4.4/psoc creator/import/gnu/arm/5.4.1/bin/../lib/gcc/arm-none-eabi/5.4.1/armv6-m/crtn.o
 .bss           0x00000000        0x0 c:/program files (x86)/cypress/psoc creator/4.4/psoc creator/import/gnu/arm/5.4.1/bin/../lib/gcc/arm-none-eabi/5.4.1/armv6-m/crtn.o

Memory Configuration

Name             Origin             Length             Attributes
rom              0x00000000         0x00008000         xr
ram              0x20000000         0x00001000         xrw
*default*        0x00000000         0xffffffff

Linker script and memory map

LOAD c:/program files (x86)/cypress/psoc creator/4.4/psoc creator/import/gnu/arm/5.4.1/bin/../lib/gcc/arm-none-eabi/5.4.1/armv6-m/crti.o
LOAD c:/program files (x86)/cypress/psoc creator/4.4/psoc creator/import/gnu/arm/5.4.1/bin/../lib/gcc/arm-none-eabi/5.4.1/armv6-m/crtbegin.o
LOAD c:/program files (x86)/cypress/psoc creator/4.4/psoc creator/import/gnu/arm/5.4.1/bin/../lib/gcc/arm-none-eabi/5.4.1/../../../../arm-none-eabi/lib/armv6-m/crt0.o
START GROUP
LOAD .\CortexM0\ARM_GCC_541\Debug\main.o
LOAD .\CortexM0\ARM_GCC_541\Debug\cyfitter_cfg.o
LOAD .\CortexM0\ARM_GCC_541\Debug\cymetadata.o
LOAD .\CortexM0\ARM_GCC_541\Debug\Cm0Start.o
LOAD .\CortexM0\ARM_GCC_541\Debug\Kursova_9_Varik.a
END GROUP
START GROUP
LOAD c:/program files (x86)/cypress/psoc creator/4.4/psoc creator/import/gnu/arm/5.4.1/bin/../lib/gcc/arm-none-eabi/5.4.1/armv6-m\libgcc.a
LOAD c:/program files (x86)/cypress/psoc creator/4.4/psoc creator/import/gnu/arm/5.4.1/bin/../lib/gcc/arm-none-eabi/5.4.1/../../../../arm-none-eabi/lib/armv6-m\libg_nano.a
LOAD c:/program files (x86)/cypress/psoc creator/4.4/psoc creator/import/gnu/arm/5.4.1/bin/../lib/gcc/arm-none-eabi/5.4.1/../../../../arm-none-eabi/lib/armv6-m\libc_nano.a
END GROUP
START GROUP
LOAD c:/program files (x86)/cypress/psoc creator/4.4/psoc creator/import/gnu/arm/5.4.1/bin/../lib/gcc/arm-none-eabi/5.4.1/armv6-m\libgcc.a
LOAD c:/program files (x86)/cypress/psoc creator/4.4/psoc creator/import/gnu/arm/5.4.1/bin/../lib/gcc/arm-none-eabi/5.4.1/../../../../arm-none-eabi/lib/armv6-m\libc_nano.a
END GROUP
LOAD c:/program files (x86)/cypress/psoc creator/4.4/psoc creator/import/gnu/arm/5.4.1/bin/../lib/gcc/arm-none-eabi/5.4.1/armv6-m/crtend.o
LOAD c:/program files (x86)/cypress/psoc creator/4.4/psoc creator/import/gnu/arm/5.4.1/bin/../lib/gcc/arm-none-eabi/5.4.1/armv6-m/crtn.o
START GROUP
LOAD c:/program files (x86)/cypress/psoc creator/4.4/psoc creator/import/gnu/arm/5.4.1/bin/../lib/gcc/arm-none-eabi/5.4.1/armv6-m\libgcc.a
LOAD c:/program files (x86)/cypress/psoc creator/4.4/psoc creator/import/gnu/arm/5.4.1/bin/../lib/gcc/arm-none-eabi/5.4.1/../../../../arm-none-eabi/lib/armv6-m\libc.a
LOAD c:/program files (x86)/cypress/psoc creator/4.4/psoc creator/import/gnu/arm/5.4.1/bin/../lib/gcc/arm-none-eabi/5.4.1/../../../../arm-none-eabi/lib/armv6-m\libnosys.a
END GROUP
                0x00000000                CY_APPL_ORIGIN = 0x0
                0x00000080                CY_FLASH_ROW_SIZE = 0x80
                0x00000001                CY_APPL_NUM = 0x1
                0x00000001                CY_APPL_MAX = 0x1
                0x00000040                CY_METADATA_SIZE = 0x40
                0x00000000                CY_APPL_LOADABLE = 0x0
                0x00000000                CY_CHECKSUM_EXCLUDE_SIZE = ALIGN (0x0, CY_FLASH_ROW_SIZE)
                0x00000000                CY_APP_FOR_STACK_AND_COPIER = 0x0
                [!provide]                PROVIDE (__cy_heap_start, _end)
                0x00000001                PROVIDE (__cy_region_num, ((__cy_regions_end - __cy_regions) / 0x10))
                0x20001000                PROVIDE (__cy_stack, (ORIGIN (ram) + LENGTH (ram)))
                [!provide]                PROVIDE (__cy_heap_end, (__cy_stack - 0x400))

.cybootloader   0x00000000        0x0
 *(.cybootloader)
                0x00000000                appl1_start = CY_APPL_ORIGIN?CY_APPL_ORIGIN:ALIGN (CY_FLASH_ROW_SIZE)
                0x00003f80                appl2_start = (appl1_start + ALIGN ((((LENGTH (rom) - appl1_start) - (0x2 * CY_FLASH_ROW_SIZE)) / 0x2), CY_FLASH_ROW_SIZE))
                0x00000000                appl_start = (CY_APPL_NUM == 0x1)?appl1_start:appl2_start
                0x00000001                cy_project_type_bootloader = (appl_start == 0x0)?0x1:0x0
                0x00000000                cy_project_type_app_for_stack_and_copier = (CY_APP_FOR_STACK_AND_COPIER == 0x1)?0x1:0x0

.text           0x00000000      0xb9c
 CREATE_OBJECT_SYMBOLS
                0x00000000                PROVIDE (__cy_interrupt_vector, RomVectors)
 *(.romvectors)
 .romvectors    0x00000000       0x10 .\CortexM0\ARM_GCC_541\Debug\Cm0Start.o
                0x00000000                RomVectors
                0x00000001                ASSERT ((. != __cy_interrupt_vector), No interrupt vector)
                0x00000001                ASSERT (CY_APPL_ORIGIN?(SIZEOF (.cybootloader) <= CY_APPL_ORIGIN):0x1, Wrong image location)
                0x00000010                PROVIDE (__cy_reset, Reset)
 *(.text.Reset)
 .text.Reset    0x00000010        0x8 .\CortexM0\ARM_GCC_541\Debug\Cm0Start.o
                0x00000010                Reset
                0x00000001                ASSERT ((. != __cy_reset), No reset code)
 *(.psocinit)
 .psocinit      0x00000018      0x168 .\CortexM0\ARM_GCC_541\Debug\cyfitter_cfg.o
                0x00000090                cyfitter_cfg
                0x00000180                . = MAX (., 0x100)
 *(.text .text.* .gnu.linkonce.t.*)
 .text          0x00000180       0x60 c:/program files (x86)/cypress/psoc creator/4.4/psoc creator/import/gnu/arm/5.4.1/bin/../lib/gcc/arm-none-eabi/5.4.1/armv6-m/crtbegin.o
 .text.Error_Return
                0x000001e0       0x48 .\CortexM0\ARM_GCC_541\Debug\main.o
                0x000001e0                Error_Return
 .text.ChannelController
                0x00000228       0xa4 .\CortexM0\ARM_GCC_541\Debug\main.o
                0x00000228                ChannelController
 .text.TimeSlotInterrupt
                0x000002cc       0x18 .\CortexM0\ARM_GCC_541\Debug\main.o
                0x000002cc                TimeSlotInterrupt
 .text.UpdateChannelDescriptor
                0x000002e4       0x4c .\CortexM0\ARM_GCC_541\Debug\main.o
                0x000002e4                UpdateChannelDescriptor
 .text.UartBufferParser
                0x00000330       0x90 .\CortexM0\ARM_GCC_541\Debug\main.o
                0x00000330                UartBufferParser
 .text.UartDataReader
                0x000003c0       0x44 .\CortexM0\ARM_GCC_541\Debug\main.o
                0x000003c0                UartDataReader
 .text.Init     0x00000404       0x38 .\CortexM0\ARM_GCC_541\Debug\main.o
                0x00000404                Init
 .text.main     0x0000043c       0x20 .\CortexM0\ARM_GCC_541\Debug\main.o
                0x0000043c                main
 .text.cfg_write_bytes32
                0x0000045c       0x34 .\CortexM0\ARM_GCC_541\Debug\cyfitter_cfg.o
 .text.CYMEMZERO
                0x00000490        0xc .\CortexM0\ARM_GCC_541\Debug\cyfitter_cfg.o
 .text.IntDefaultHandler
                0x0000049c       0x10 .\CortexM0\ARM_GCC_541\Debug\Cm0Start.o
                0x0000049c                IntDefaultHandler
 .text.Start_c  0x000004ac       0x48 .\CortexM0\ARM_GCC_541\Debug\Cm0Start.o
                0x000004ac                Start_c
 .text.initialize_psoc
                0x000004f4       0x40 .\CortexM0\ARM_GCC_541\Debug\Cm0Start.o
                0x000004f4                initialize_psoc
 .text.UART_1_ScbModePostEnable
                0x00000534        0x8 .\CortexM0\ARM_GCC_541\Debug\Kursova_9_Varik.a(UART_1.o)
 .text.UART_1_Init
                0x0000053c        0x8 .\CortexM0\ARM_GCC_541\Debug\Kursova_9_Varik.a(UART_1.o)
                0x0000053c                UART_1_Init
 .text.UART_1_Enable
                0x00000544       0x18 .\CortexM0\ARM_GCC_541\Debug\Kursova_9_Varik.a(UART_1.o)
                0x00000544                UART_1_Enable
 .text.UART_1_Start
                0x0000055c       0x20 .\CortexM0\ARM_GCC_541\Debug\Kursova_9_Varik.a(UART_1.o)
                0x0000055c                UART_1_Start
 .text.UART_1_SpiUartReadRxData
                0x0000057c        0xc .\CortexM0\ARM_GCC_541\Debug\Kursova_9_Varik.a(UART_1_SPI_UART.o)
                0x0000057c                UART_1_SpiUartReadRxData
 .text.UART_1_SpiUartGetRxBufferSize
                0x00000588       0x10 .\CortexM0\ARM_GCC_541\Debug\Kursova_9_Varik.a(UART_1_SPI_UART.o)
                0x00000588                UART_1_SpiUartGetRxBufferSize
 .text.UART_1_SpiUartWriteTxData
                0x00000598       0x1c .\CortexM0\ARM_GCC_541\Debug\Kursova_9_Varik.a(UART_1_SPI_UART.o)
                0x00000598                UART_1_SpiUartWriteTxData
 .text.UART_1_UartInit
                0x000005b4       0x9c .\CortexM0\ARM_GCC_541\Debug\Kursova_9_Varik.a(UART_1_UART.o)
                0x000005b4                UART_1_UartInit
 .text.UART_1_UartPostEnable
                0x00000650       0x2c .\CortexM0\ARM_GCC_541\Debug\Kursova_9_Varik.a(UART_1_UART.o)
                0x00000650                UART_1_UartPostEnable
 .text.UART_1_UartGetChar
                0x0000067c       0x2c .\CortexM0\ARM_GCC_541\Debug\Kursova_9_Varik.a(UART_1_UART.o)
                0x0000067c                UART_1_UartGetChar
 .text.Timer_1_Enable
                0x000006a8       0x14 .\CortexM0\ARM_GCC_541\Debug\Kursova_9_Varik.a(Timer_1.o)
                0x000006a8                Timer_1_Enable
 .text.Timer_1_SetInterruptMode
                0x000006bc        0xc .\CortexM0\ARM_GCC_541\Debug\Kursova_9_Varik.a(Timer_1.o)
                0x000006bc                Timer_1_SetInterruptMode
 .text.Timer_1_ReadStatusRegister
                0x000006c8        0xc .\CortexM0\ARM_GCC_541\Debug\Kursova_9_Varik.a(Timer_1.o)
                0x000006c8                Timer_1_ReadStatusRegister
 .text.Timer_1_WritePeriod
                0x000006d4        0xc .\CortexM0\ARM_GCC_541\Debug\Kursova_9_Varik.a(Timer_1.o)
                0x000006d4                Timer_1_WritePeriod
 .text.Timer_1_ReadCapture
                0x000006e0        0xc .\CortexM0\ARM_GCC_541\Debug\Kursova_9_Varik.a(Timer_1.o)
                0x000006e0                Timer_1_ReadCapture
 .text.Timer_1_WriteCounter
                0x000006ec        0xc .\CortexM0\ARM_GCC_541\Debug\Kursova_9_Varik.a(Timer_1.o)
                0x000006ec                Timer_1_WriteCounter
 .text.Timer_1_ClearFIFO
                0x000006f8       0x14 .\CortexM0\ARM_GCC_541\Debug\Kursova_9_Varik.a(Timer_1.o)
                0x000006f8                Timer_1_ClearFIFO
 .text.Timer_1_Init
                0x0000070c       0x38 .\CortexM0\ARM_GCC_541\Debug\Kursova_9_Varik.a(Timer_1.o)
                0x0000070c                Timer_1_Init
 .text.Timer_1_Start
                0x00000744       0x20 .\CortexM0\ARM_GCC_541\Debug\Kursova_9_Varik.a(Timer_1.o)
                0x00000744                Timer_1_Start
 .text.isr_1_SetVector
                0x00000764        0xc .\CortexM0\ARM_GCC_541\Debug\Kursova_9_Varik.a(isr_1.o)
                0x00000764                isr_1_SetVector
 .text.isr_1_SetPriority
                0x00000770       0x20 .\CortexM0\ARM_GCC_541\Debug\Kursova_9_Varik.a(isr_1.o)
                0x00000770                isr_1_SetPriority
 .text.isr_1_Enable
                0x00000790        0xc .\CortexM0\ARM_GCC_541\Debug\Kursova_9_Varik.a(isr_1.o)
                0x00000790                isr_1_Enable
 .text.isr_1_Disable
                0x0000079c        0xc .\CortexM0\ARM_GCC_541\Debug\Kursova_9_Varik.a(isr_1.o)
                0x0000079c                isr_1_Disable
 .text.isr_1_StartEx
                0x000007a8       0x1c .\CortexM0\ARM_GCC_541\Debug\Kursova_9_Varik.a(isr_1.o)
                0x000007a8                isr_1_StartEx
 .text.Red_Output_Write
                0x000007c4       0x18 .\CortexM0\ARM_GCC_541\Debug\Kursova_9_Varik.a(Red_Output.o)
                0x000007c4                Red_Output_Write
 .text.Green_Output_Write
                0x000007dc       0x18 .\CortexM0\ARM_GCC_541\Debug\Kursova_9_Varik.a(Green_Output.o)
                0x000007dc                Green_Output_Write
 .text.Blue_Output_Write
                0x000007f4       0x18 .\CortexM0\ARM_GCC_541\Debug\Kursova_9_Varik.a(Blue_Output.o)
                0x000007f4                Blue_Output_Write
 .text.CyIntEnable
                0x0000080c       0x14 .\CortexM0\ARM_GCC_541\Debug\Kursova_9_Varik.a(CyLib.o)
                0x0000080c                CyIntEnable
 .text.CyHalt   0x00000820        0x4 .\CortexM0\ARM_GCC_541\Debug\Kursova_9_Varik.a(CyLib.o)
                0x00000820                CyHalt
 .text.CyIntSetVector
                0x00000824       0x24 .\CortexM0\ARM_GCC_541\Debug\Kursova_9_Varik.a(CyLib.o)
                0x00000824                CyIntSetVector
 .text.CyDelayUs
                0x00000848       0x14 .\CortexM0\ARM_GCC_541\Debug\Kursova_9_Varik.a(CyLib.o)
                0x00000848                CyDelayUs
 .text.CySysClkWriteImoFreq
                0x0000085c      0x164 .\CortexM0\ARM_GCC_541\Debug\Kursova_9_Varik.a(CyLib.o)
                0x0000085c                CySysClkWriteImoFreq
 .text.CySysWdtLocked
                0x000009c0       0x14 .\CortexM0\ARM_GCC_541\Debug\Kursova_9_Varik.a(CyLFClk.o)
 .text.CySysWdtLock
                0x000009d4       0x1c .\CortexM0\ARM_GCC_541\Debug\Kursova_9_Varik.a(CyLFClk.o)
                0x000009d4                CySysWdtLock
 .text.CySysWdtUnlock
                0x000009f0       0x30 .\CortexM0\ARM_GCC_541\Debug\Kursova_9_Varik.a(CyLFClk.o)
                0x000009f0                CySysWdtUnlock
 .text.CySysWdtClearInterrupt
                0x00000a20       0x4c .\CortexM0\ARM_GCC_541\Debug\Kursova_9_Varik.a(CyLFClk.o)
                0x00000a20                CySysWdtClearInterrupt
 .text.CySysWdtIsr
                0x00000a6c       0xa4 .\CortexM0\ARM_GCC_541\Debug\Kursova_9_Varik.a(CyLFClk.o)
                0x00000a6c                CySysWdtIsr
 .text          0x00000b10       0x24 .\CortexM0\ARM_GCC_541\Debug\Kursova_9_Varik.a(CyBootAsmGnu.o)
                0x00000b10                CyDelayCycles
                0x00000b24                CyEnterCriticalSection
                0x00000b2c                CyExitCriticalSection
 .text.__errno  0x00000b34        0xc c:/program files (x86)/cypress/psoc creator/4.4/psoc creator/import/gnu/arm/5.4.1/bin/../lib/gcc/arm-none-eabi/5.4.1/../../../../arm-none-eabi/lib/armv6-m\libg_nano.a(lib_a-errno.o)
                0x00000b34                __errno
 .text.__libc_init_array
                0x00000b40       0x4c c:/program files (x86)/cypress/psoc creator/4.4/psoc creator/import/gnu/arm/5.4.1/bin/../lib/gcc/arm-none-eabi/5.4.1/../../../../arm-none-eabi/lib/armv6-m\libg_nano.a(lib_a-init.o)
                0x00000b40                __libc_init_array
 .text.memset   0x00000b8c       0x10 c:/program files (x86)/cypress/psoc creator/4.4/psoc creator/import/gnu/arm/5.4.1/bin/../lib/gcc/arm-none-eabi/5.4.1/../../../../arm-none-eabi/lib/armv6-m\libg_nano.a(lib_a-memset.o)
                0x00000b8c                memset
 *(.plt)
 *(.gnu.warning)
 *(.glue_7t)
 .glue_7t       0x00000b9c        0x0 linker stubs
 *(.glue_7)
 .glue_7        0x00000b9c        0x0 linker stubs
 *(.vfp11_veneer)
 .vfp11_veneer  0x00000b9c        0x0 linker stubs
 *(.bootloader)
 *(.ARM.extab* .gnu.linkonce.armextab.*)
 *(.gcc_except_table)

.v4_bx          0x00000b9c        0x0
 .v4_bx         0x00000b9c        0x0 linker stubs

.iplt           0x00000b9c        0x0
 .iplt          0x00000b9c        0x0 c:/program files (x86)/cypress/psoc creator/4.4/psoc creator/import/gnu/arm/5.4.1/bin/../lib/gcc/arm-none-eabi/5.4.1/armv6-m/crtbegin.o

.eh_frame_hdr
 *(.eh_frame_hdr)

.eh_frame       0x00000b9c        0x4
 *(.eh_frame)
 .eh_frame      0x00000b9c        0x0 c:/program files (x86)/cypress/psoc creator/4.4/psoc creator/import/gnu/arm/5.4.1/bin/../lib/gcc/arm-none-eabi/5.4.1/armv6-m/crtbegin.o
 .eh_frame      0x00000b9c        0x4 c:/program files (x86)/cypress/psoc creator/4.4/psoc creator/import/gnu/arm/5.4.1/bin/../lib/gcc/arm-none-eabi/5.4.1/armv6-m/crtend.o
                [!provide]                PROVIDE (__exidx_start, .)

.ARM.exidx
 *(.ARM.exidx* .gnu.linkonce.armexidx.*)
                0x00000ba0                __exidx_end = .

.rodata         0x00000ba0      0x158
 *(.rodata .rodata.* .gnu.linkonce.r.*)
 .rodata        0x00000ba0       0xf4 .\CortexM0\ARM_GCC_541\Debug\cyfitter_cfg.o
 .rodata        0x00000c94       0x2e .\CortexM0\ARM_GCC_541\Debug\Kursova_9_Varik.a(CyLib.o)
                0x00000c94                cyImoFreqMhz2Reg
 .rodata.str1.1
                0x00000cc2        0x2 c:/program files (x86)/cypress/psoc creator/4.4/psoc creator/import/gnu/arm/5.4.1/bin/../lib/gcc/arm-none-eabi/5.4.1/../../../../arm-none-eabi/lib/armv6-m\libg_nano.a(lib_a-impure.o)
                0x00000cc4                . = ALIGN (0x4)
 *(.init)
 .init          0x00000cc4        0x4 c:/program files (x86)/cypress/psoc creator/4.4/psoc creator/import/gnu/arm/5.4.1/bin/../lib/gcc/arm-none-eabi/5.4.1/armv6-m/crti.o
                0x00000cc4                _init
 .init          0x00000cc8        0x8 c:/program files (x86)/cypress/psoc creator/4.4/psoc creator/import/gnu/arm/5.4.1/bin/../lib/gcc/arm-none-eabi/5.4.1/armv6-m/crtn.o
                0x00000cd0                . = ALIGN (0x4)
                0x00000cd0                __preinit_array_start = .
 *(.preinit_array)
                0x00000cd0                __preinit_array_end = .
                0x00000cd0                . = ALIGN (0x4)
                0x00000cd0                __init_array_start = .
 *(SORT(.init_array.*))
 *(.init_array)
 .init_array    0x00000cd0        0x4 c:/program files (x86)/cypress/psoc creator/4.4/psoc creator/import/gnu/arm/5.4.1/bin/../lib/gcc/arm-none-eabi/5.4.1/armv6-m/crtbegin.o
 .init_array    0x00000cd4        0x4 .\CortexM0\ARM_GCC_541\Debug\Cm0Start.o
                0x00000cd8                __init_array_end = .
                0x00000cd8                . = ALIGN (0x4)
 *(.fini)
 .fini          0x00000cd8        0x4 c:/program files (x86)/cypress/psoc creator/4.4/psoc creator/import/gnu/arm/5.4.1/bin/../lib/gcc/arm-none-eabi/5.4.1/armv6-m/crti.o
                0x00000cd8                _fini
 .fini          0x00000cdc        0x8 c:/program files (x86)/cypress/psoc creator/4.4/psoc creator/import/gnu/arm/5.4.1/bin/../lib/gcc/arm-none-eabi/5.4.1/armv6-m/crtn.o
                0x00000ce4                . = ALIGN (0x4)
                0x00000ce4                __fini_array_start = .
 *(.fini_array)
 .fini_array    0x00000ce4        0x4 c:/program files (x86)/cypress/psoc creator/4.4/psoc creator/import/gnu/arm/5.4.1/bin/../lib/gcc/arm-none-eabi/5.4.1/armv6-m/crtbegin.o
 *(SORT(.fini_array.*))
                0x00000ce8                __fini_array_end = .
                0x00000ce8                . = ALIGN (0x4)
 *crtbegin.o(.ctors)
 *(EXCLUDE_FILE(*crtend.o) .ctors)
 *(SORT(.ctors.*))
 *crtend.o(.ctors)
                0x00000ce8                . = ALIGN (0x4)
 *crtbegin.o(.dtors)
 *(EXCLUDE_FILE(*crtend.o) .dtors)
 *(SORT(.dtors.*))
 *crtend.o(.dtors)
                0x00000ce8                . = ALIGN (0x4)
                0x00000ce8                __cy_regions = .
                0x00000ce8        0x4 LONG 0xcf8 __cy_region_init_ram
                0x00000cec        0x4 LONG 0x200000c0 __cy_region_start_data
                0x00000cf0        0x4 LONG 0x80 __cy_region_init_size_ram
                0x00000cf4        0x4 LONG 0x80 __cy_region_zero_size_ram
                0x00000cf8                __cy_regions_end = .
                0x00000cf8                . = ALIGN (0x8)
                0x00000cf8                _etext = .

.cy_checksum_exclude
                0x00000cf8        0x0
 *(.cy_checksum_exclude)

.ramvectors     0x20000000       0xc0
                0x20000000                __cy_region_start_ram = .
 *(.ramvectors)
 .ramvectors    0x20000000       0xc0 .\CortexM0\ARM_GCC_541\Debug\Cm0Start.o
                0x20000000                CyRamVectors

.noinit
 *(.noinit)

.data           0x200000c0       0x80 load address 0x00000cf8
                0x200000c0                __cy_region_start_data = .
 *(.jcr)
 .jcr           0x200000c0        0x0 c:/program files (x86)/cypress/psoc creator/4.4/psoc creator/import/gnu/arm/5.4.1/bin/../lib/gcc/arm-none-eabi/5.4.1/armv6-m/crtbegin.o
 .jcr           0x200000c0        0x4 c:/program files (x86)/cypress/psoc creator/4.4/psoc creator/import/gnu/arm/5.4.1/bin/../lib/gcc/arm-none-eabi/5.4.1/armv6-m/crtend.o
 *(.got.plt)
 *(.got)
 *(.shdata)
 *(.data .data.* .gnu.linkonce.d.*)
 .data          0x200000c4       0x14 .\CortexM0\ARM_GCC_541\Debug\Kursova_9_Varik.a(CyLib.o)
                0x200000c4                CySysClkPumpConfig
                0x200000c8                cydelay32kMs
                0x200000cc                cydelayFreqKhz
                0x200000d0                cydelayFreqMhz
                0x200000d4                cydelayFreqHz
 .data          0x200000d8        0x4 .\CortexM0\ARM_GCC_541\Debug\Kursova_9_Varik.a(CyLFClk.o)
 .data.impure_data
                0x200000dc       0x60 c:/program files (x86)/cypress/psoc creator/4.4/psoc creator/import/gnu/arm/5.4.1/bin/../lib/gcc/arm-none-eabi/5.4.1/../../../../arm-none-eabi/lib/armv6-m\libg_nano.a(lib_a-impure.o)
 .data._impure_ptr
                0x2000013c        0x4 c:/program files (x86)/cypress/psoc creator/4.4/psoc creator/import/gnu/arm/5.4.1/bin/../lib/gcc/arm-none-eabi/5.4.1/../../../../arm-none-eabi/lib/armv6-m\libg_nano.a(lib_a-impure.o)
                0x2000013c                _impure_ptr
                0x20000140                . = ALIGN (0x8)
 *(.ram)
                0x20000140                _edata = .

.igot.plt       0x20000140        0x0 load address 0x00000d78
 .igot.plt      0x20000140        0x0 c:/program files (x86)/cypress/psoc creator/4.4/psoc creator/import/gnu/arm/5.4.1/bin/../lib/gcc/arm-none-eabi/5.4.1/armv6-m/crtbegin.o

.bss            0x20000140       0x80 load address 0x00000d78
                0x20000140                PROVIDE (__bss_start__, .)
 *(.shbss)
 *(.bss .bss.* .gnu.linkonce.b.*)
 .bss           0x20000140       0x1c c:/program files (x86)/cypress/psoc creator/4.4/psoc creator/import/gnu/arm/5.4.1/bin/../lib/gcc/arm-none-eabi/5.4.1/armv6-m/crtbegin.o
 .bss           0x2000015c        0x4 .\CortexM0\ARM_GCC_541\Debug\Kursova_9_Varik.a(UART_1.o)
                0x2000015c                UART_1_initVar
                0x2000015e                UART_1_IntrTxMask
 .bss           0x20000160        0x1 .\CortexM0\ARM_GCC_541\Debug\Kursova_9_Varik.a(Timer_1.o)
                0x20000160                Timer_1_initVar
 *fill*         0x20000161        0x3 
 .bss           0x20000164       0x20 .\CortexM0\ARM_GCC_541\Debug\Kursova_9_Varik.a(CyLFClk.o)
 *(COMMON)
 COMMON         0x20000184       0x3b .\CortexM0\ARM_GCC_541\Debug\main.o
                0x20000184                ChannelDescriptorsArray
                0x200001b4                UartBuffer
                0x200001be                UartBufferIdx
                0x200001c0                . = ALIGN (0x8)
 *fill*         0x200001bf        0x1 
 *(.ram.b)
                0x200001c0                _end = .
                0x200001c0                __end = .
                0x200001c0                PROVIDE (end, .)
                0x200001c0                PROVIDE (__bss_end__, .)
                0x00000cf8                __cy_region_init_ram = LOADADDR (.data)
                0x00000080                __cy_region_init_size_ram = (_edata - ADDR (.data))
                0x00000080                __cy_region_zero_size_ram = (_end - _edata)

.heap           0x200001c0       0x80 load address 0x00000d78
                0x200001c0                . = _end
                0x20000240                . = (. + 0x80)
 *fill*         0x200001c0       0x80 
                0x20000240                __cy_heap_limit = .

.stack          0x20000c00      0x400
                0x20000c00                __cy_stack_limit = .
                0x20001000                . = (. + 0x400)
 *fill*         0x20000c00      0x400 
                0x00000001                ASSERT ((__cy_stack_limit >= __cy_heap_limit), region RAM overflowed with stack)
                0x00000000                cy_checksum_exclude_size = (CY_APPL_LOADABLE == 0x1)?SIZEOF (.cy_checksum_exclude):0x0
                0x00000001                ASSERT ((cy_checksum_exclude_size <= CY_CHECKSUM_EXCLUDE_SIZE), CY_BOOT: Section .cy_checksum_exclude size exceedes specified limit.)
                0x00007fc0                cyloadermeta_start = (cy_project_type_bootloader || cy_project_type_app_for_stack_and_copier)?(LENGTH (rom) - CY_METADATA_SIZE):0xf0000000

.cyloadermeta
 *(.cyloadermeta)
                0x00007fc0                cyloadablemeta_start = cy_project_type_app_for_stack_and_copier?((LENGTH (rom) - CY_FLASH_ROW_SIZE) - CY_METADATA_SIZE):((LENGTH (rom) - (CY_FLASH_ROW_SIZE * (CY_APPL_NUM - 0x1))) - CY_METADATA_SIZE)

.cyloadablemeta
 *(.cyloadablemeta)

.cyflashprotect
                0x90400000       0x20
 *(.cyflashprotect)
 .cyflashprotect
                0x90400000       0x20 .\CortexM0\ARM_GCC_541\Debug\cymetadata.o
                0x90400000                cy_meta_flashprotect

.cymeta         0x90500000        0xc
 *(.cymeta)
 .cymeta        0x90500000        0xc .\CortexM0\ARM_GCC_541\Debug\cymetadata.o
                0x90500000                cy_metadata

.cychipprotect  0x90600000        0x1
 *(.cychipprotect)
 .cychipprotect
                0x90600000        0x1 .\CortexM0\ARM_GCC_541\Debug\cymetadata.o
                0x90600000                cy_meta_chipprotect

.rel.dyn        0x00000d78        0x0 load address 0x90600004
 .rel.iplt      0x00000d78        0x0 c:/program files (x86)/cypress/psoc creator/4.4/psoc creator/import/gnu/arm/5.4.1/bin/../lib/gcc/arm-none-eabi/5.4.1/armv6-m/crtbegin.o

.stab
 *(.stab)

.stabstr
 *(.stabstr)

.debug
 *(.debug)

.line
 *(.line)

.debug_srcinfo
 *(.debug_srcinfo)

.debug_sfnames
 *(.debug_sfnames)

.debug_aranges  0x00000000      0x6d8
 *(.debug_aranges)
 .debug_aranges
                0x00000000       0x58 .\CortexM0\ARM_GCC_541\Debug\main.o
 .debug_aranges
                0x00000058       0x38 .\CortexM0\ARM_GCC_541\Debug\cyfitter_cfg.o
 .debug_aranges
                0x00000090       0x18 .\CortexM0\ARM_GCC_541\Debug\cymetadata.o
 .debug_aranges
                0x000000a8       0x48 .\CortexM0\ARM_GCC_541\Debug\Cm0Start.o
 .debug_aranges
                0x000000f0       0x60 .\CortexM0\ARM_GCC_541\Debug\Kursova_9_Varik.a(UART_1.o)
 .debug_aranges
                0x00000150       0x60 .\CortexM0\ARM_GCC_541\Debug\Kursova_9_Varik.a(UART_1_SPI_UART.o)
 .debug_aranges
                0x000001b0       0x68 .\CortexM0\ARM_GCC_541\Debug\Kursova_9_Varik.a(UART_1_UART.o)
 .debug_aranges
                0x00000218       0x90 .\CortexM0\ARM_GCC_541\Debug\Kursova_9_Varik.a(Timer_1.o)
 .debug_aranges
                0x000002a8       0x80 .\CortexM0\ARM_GCC_541\Debug\Kursova_9_Varik.a(isr_1.o)
 .debug_aranges
                0x00000328       0x48 .\CortexM0\ARM_GCC_541\Debug\Kursova_9_Varik.a(Red_Output.o)
 .debug_aranges
                0x00000370       0x48 .\CortexM0\ARM_GCC_541\Debug\Kursova_9_Varik.a(Green_Output.o)
 .debug_aranges
                0x000003b8       0x48 .\CortexM0\ARM_GCC_541\Debug\Kursova_9_Varik.a(Blue_Output.o)
 .debug_aranges
                0x00000400      0x180 .\CortexM0\ARM_GCC_541\Debug\Kursova_9_Varik.a(CyLib.o)
 .debug_aranges
                0x00000580      0x138 .\CortexM0\ARM_GCC_541\Debug\Kursova_9_Varik.a(CyLFClk.o)
 .debug_aranges
                0x000006b8       0x20 .\CortexM0\ARM_GCC_541\Debug\Kursova_9_Varik.a(CyBootAsmGnu.o)

.debug_pubnames
 *(.debug_pubnames)

.debug_info     0x00000000     0x382b
 *(.debug_info .gnu.linkonce.wi.*)
 .debug_info    0x00000000      0x51f .\CortexM0\ARM_GCC_541\Debug\main.o
 .debug_info    0x0000051f      0x3a0 .\CortexM0\ARM_GCC_541\Debug\cyfitter_cfg.o
 .debug_info    0x000008bf       0xf8 .\CortexM0\ARM_GCC_541\Debug\cymetadata.o
 .debug_info    0x000009b7      0x3a2 .\CortexM0\ARM_GCC_541\Debug\Cm0Start.o
 .debug_info    0x00000d59      0x24c .\CortexM0\ARM_GCC_541\Debug\Kursova_9_Varik.a(UART_1.o)
 .debug_info    0x00000fa5      0x220 .\CortexM0\ARM_GCC_541\Debug\Kursova_9_Varik.a(UART_1_SPI_UART.o)
 .debug_info    0x000011c5      0x310 .\CortexM0\ARM_GCC_541\Debug\Kursova_9_Varik.a(UART_1_UART.o)
 .debug_info    0x000014d5      0x2ee .\CortexM0\ARM_GCC_541\Debug\Kursova_9_Varik.a(Timer_1.o)
 .debug_info    0x000017c3      0x305 .\CortexM0\ARM_GCC_541\Debug\Kursova_9_Varik.a(isr_1.o)
 .debug_info    0x00001ac8      0x19d .\CortexM0\ARM_GCC_541\Debug\Kursova_9_Varik.a(Red_Output.o)
 .debug_info    0x00001c65      0x19d .\CortexM0\ARM_GCC_541\Debug\Kursova_9_Varik.a(Green_Output.o)
 .debug_info    0x00001e02      0x19d .\CortexM0\ARM_GCC_541\Debug\Kursova_9_Varik.a(Blue_Output.o)
 .debug_info    0x00001f9f      0xaed .\CortexM0\ARM_GCC_541\Debug\Kursova_9_Varik.a(CyLib.o)
 .debug_info    0x00002a8c      0xcfe .\CortexM0\ARM_GCC_541\Debug\Kursova_9_Varik.a(CyLFClk.o)
 .debug_info    0x0000378a       0xa1 .\CortexM0\ARM_GCC_541\Debug\Kursova_9_Varik.a(CyBootAsmGnu.o)

.debug_abbrev   0x00000000     0x11a7
 *(.debug_abbrev)
 .debug_abbrev  0x00000000      0x167 .\CortexM0\ARM_GCC_541\Debug\main.o
 .debug_abbrev  0x00000167      0x199 .\CortexM0\ARM_GCC_541\Debug\cyfitter_cfg.o
 .debug_abbrev  0x00000300       0x5d .\CortexM0\ARM_GCC_541\Debug\cymetadata.o
 .debug_abbrev  0x0000035d      0x1d7 .\CortexM0\ARM_GCC_541\Debug\Cm0Start.o
 .debug_abbrev  0x00000534       0xed .\CortexM0\ARM_GCC_541\Debug\Kursova_9_Varik.a(UART_1.o)
 .debug_abbrev  0x00000621      0x14f .\CortexM0\ARM_GCC_541\Debug\Kursova_9_Varik.a(UART_1_SPI_UART.o)
 .debug_abbrev  0x00000770      0x123 .\CortexM0\ARM_GCC_541\Debug\Kursova_9_Varik.a(UART_1_UART.o)
 .debug_abbrev  0x00000893      0x12b .\CortexM0\ARM_GCC_541\Debug\Kursova_9_Varik.a(Timer_1.o)
 .debug_abbrev  0x000009be      0x19a .\CortexM0\ARM_GCC_541\Debug\Kursova_9_Varik.a(isr_1.o)
 .debug_abbrev  0x00000b58       0xc8 .\CortexM0\ARM_GCC_541\Debug\Kursova_9_Varik.a(Red_Output.o)
 .debug_abbrev  0x00000c20       0xc8 .\CortexM0\ARM_GCC_541\Debug\Kursova_9_Varik.a(Green_Output.o)
 .debug_abbrev  0x00000ce8       0xc8 .\CortexM0\ARM_GCC_541\Debug\Kursova_9_Varik.a(Blue_Output.o)
 .debug_abbrev  0x00000db0      0x1d3 .\CortexM0\ARM_GCC_541\Debug\Kursova_9_Varik.a(CyLib.o)
 .debug_abbrev  0x00000f83      0x210 .\CortexM0\ARM_GCC_541\Debug\Kursova_9_Varik.a(CyLFClk.o)
 .debug_abbrev  0x00001193       0x14 .\CortexM0\ARM_GCC_541\Debug\Kursova_9_Varik.a(CyBootAsmGnu.o)

.debug_line     0x00000000     0x18a0
 *(.debug_line)
 .debug_line    0x00000000      0x1cd .\CortexM0\ARM_GCC_541\Debug\main.o
 .debug_line    0x000001cd      0x163 .\CortexM0\ARM_GCC_541\Debug\cyfitter_cfg.o
 .debug_line    0x00000330      0x141 .\CortexM0\ARM_GCC_541\Debug\cymetadata.o
 .debug_line    0x00000471      0x235 .\CortexM0\ARM_GCC_541\Debug\Cm0Start.o
 .debug_line    0x000006a6      0x12b .\CortexM0\ARM_GCC_541\Debug\Kursova_9_Varik.a(UART_1.o)
 .debug_line    0x000007d1      0x11c .\CortexM0\ARM_GCC_541\Debug\Kursova_9_Varik.a(UART_1_SPI_UART.o)
 .debug_line    0x000008ed      0x173 .\CortexM0\ARM_GCC_541\Debug\Kursova_9_Varik.a(UART_1_UART.o)
 .debug_line    0x00000a60      0x17b .\CortexM0\ARM_GCC_541\Debug\Kursova_9_Varik.a(Timer_1.o)
 .debug_line    0x00000bdb      0x14d .\CortexM0\ARM_GCC_541\Debug\Kursova_9_Varik.a(isr_1.o)
 .debug_line    0x00000d28       0xc2 .\CortexM0\ARM_GCC_541\Debug\Kursova_9_Varik.a(Red_Output.o)
 .debug_line    0x00000dea       0xc4 .\CortexM0\ARM_GCC_541\Debug\Kursova_9_Varik.a(Green_Output.o)
 .debug_line    0x00000eae       0xc3 .\CortexM0\ARM_GCC_541\Debug\Kursova_9_Varik.a(Blue_Output.o)
 .debug_line    0x00000f71      0x460 .\CortexM0\ARM_GCC_541\Debug\Kursova_9_Varik.a(CyLib.o)
 .debug_line    0x000013d1      0x466 .\CortexM0\ARM_GCC_541\Debug\Kursova_9_Varik.a(CyLFClk.o)
 .debug_line    0x00001837       0x69 .\CortexM0\ARM_GCC_541\Debug\Kursova_9_Varik.a(CyBootAsmGnu.o)

.debug_frame    0x00000000     0x1094
 *(.debug_frame)
 .debug_frame   0x00000000      0x100 .\CortexM0\ARM_GCC_541\Debug\main.o
 .debug_frame   0x00000100       0x8c .\CortexM0\ARM_GCC_541\Debug\cyfitter_cfg.o
 .debug_frame   0x0000018c       0xbc .\CortexM0\ARM_GCC_541\Debug\Cm0Start.o
 .debug_frame   0x00000248       0xe8 .\CortexM0\ARM_GCC_541\Debug\Kursova_9_Varik.a(UART_1.o)
 .debug_frame   0x00000330       0xb0 .\CortexM0\ARM_GCC_541\Debug\Kursova_9_Varik.a(UART_1_SPI_UART.o)
 .debug_frame   0x000003e0       0xf4 .\CortexM0\ARM_GCC_541\Debug\Kursova_9_Varik.a(UART_1_UART.o)
 .debug_frame   0x000004d4      0x124 .\CortexM0\ARM_GCC_541\Debug\Kursova_9_Varik.a(Timer_1.o)
 .debug_frame   0x000005f8      0x110 .\CortexM0\ARM_GCC_541\Debug\Kursova_9_Varik.a(isr_1.o)
 .debug_frame   0x00000708       0x70 .\CortexM0\ARM_GCC_541\Debug\Kursova_9_Varik.a(Red_Output.o)
 .debug_frame   0x00000778       0x70 .\CortexM0\ARM_GCC_541\Debug\Kursova_9_Varik.a(Green_Output.o)
 .debug_frame   0x000007e8       0x70 .\CortexM0\ARM_GCC_541\Debug\Kursova_9_Varik.a(Blue_Output.o)
 .debug_frame   0x00000858      0x3e0 .\CortexM0\ARM_GCC_541\Debug\Kursova_9_Varik.a(CyLib.o)
 .debug_frame   0x00000c38      0x3a8 .\CortexM0\ARM_GCC_541\Debug\Kursova_9_Varik.a(CyLFClk.o)
 .debug_frame   0x00000fe0       0x20 c:/program files (x86)/cypress/psoc creator/4.4/psoc creator/import/gnu/arm/5.4.1/bin/../lib/gcc/arm-none-eabi/5.4.1/armv6-m\libgcc.a(_udivsi3.o)
 .debug_frame   0x00001000       0x20 c:/program files (x86)/cypress/psoc creator/4.4/psoc creator/import/gnu/arm/5.4.1/bin/../lib/gcc/arm-none-eabi/5.4.1/../../../../arm-none-eabi/lib/armv6-m\libg_nano.a(lib_a-errno.o)
 .debug_frame   0x00001020       0x28 c:/program files (x86)/cypress/psoc creator/4.4/psoc creator/import/gnu/arm/5.4.1/bin/../lib/gcc/arm-none-eabi/5.4.1/../../../../arm-none-eabi/lib/armv6-m\libg_nano.a(lib_a-exit.o)
 .debug_frame   0x00001048       0x2c c:/program files (x86)/cypress/psoc creator/4.4/psoc creator/import/gnu/arm/5.4.1/bin/../lib/gcc/arm-none-eabi/5.4.1/../../../../arm-none-eabi/lib/armv6-m\libg_nano.a(lib_a-init.o)
 .debug_frame   0x00001074       0x20 c:/program files (x86)/cypress/psoc creator/4.4/psoc creator/import/gnu/arm/5.4.1/bin/../lib/gcc/arm-none-eabi/5.4.1/../../../../arm-none-eabi/lib/armv6-m\libg_nano.a(lib_a-memset.o)

.debug_str      0x00000000     0x17c8
 *(.debug_str)
 .debug_str     0x00000000      0x339 .\CortexM0\ARM_GCC_541\Debug\main.o
                                0x38c (size before relaxing)
 .debug_str     0x00000339      0x11a .\CortexM0\ARM_GCC_541\Debug\cyfitter_cfg.o
                                0x2d6 (size before relaxing)
 .debug_str     0x00000453       0x63 .\CortexM0\ARM_GCC_541\Debug\cymetadata.o
                                0x1d9 (size before relaxing)
 .debug_str     0x000004b6      0x13a .\CortexM0\ARM_GCC_541\Debug\Cm0Start.o
                                0x312 (size before relaxing)
 .debug_str     0x000005f0      0x12f .\CortexM0\ARM_GCC_541\Debug\Kursova_9_Varik.a(UART_1.o)
                                0x2e2 (size before relaxing)
 .debug_str     0x0000071f      0x12f .\CortexM0\ARM_GCC_541\Debug\Kursova_9_Varik.a(UART_1_SPI_UART.o)
                                0x2f3 (size before relaxing)
 .debug_str     0x0000084e      0x110 .\CortexM0\ARM_GCC_541\Debug\Kursova_9_Varik.a(UART_1_UART.o)
                                0x36b (size before relaxing)
 .debug_str     0x0000095e      0x1c4 .\CortexM0\ARM_GCC_541\Debug\Kursova_9_Varik.a(Timer_1.o)
                                0x370 (size before relaxing)
 .debug_str     0x00000b22       0xf0 .\CortexM0\ARM_GCC_541\Debug\Kursova_9_Varik.a(isr_1.o)
                                0x2fb (size before relaxing)
 .debug_str     0x00000c12       0xc2 .\CortexM0\ARM_GCC_541\Debug\Kursova_9_Varik.a(Red_Output.o)
                                0x26a (size before relaxing)
 .debug_str     0x00000cd4       0xa5 .\CortexM0\ARM_GCC_541\Debug\Kursova_9_Varik.a(Green_Output.o)
                                0x278 (size before relaxing)
 .debug_str     0x00000d79       0x9f .\CortexM0\ARM_GCC_541\Debug\Kursova_9_Varik.a(Blue_Output.o)
                                0x271 (size before relaxing)
 .debug_str     0x00000e18      0x485 .\CortexM0\ARM_GCC_541\Debug\Kursova_9_Varik.a(CyLib.o)
                                0x6c7 (size before relaxing)
 .debug_str     0x0000129d      0x52b .\CortexM0\ARM_GCC_541\Debug\Kursova_9_Varik.a(CyLFClk.o)
                                0x74e (size before relaxing)

.debug_loc      0x00000000     0x1a0b
 *(.debug_loc)
 .debug_loc     0x00000000      0x2e3 .\CortexM0\ARM_GCC_541\Debug\main.o
 .debug_loc     0x000002e3      0x118 .\CortexM0\ARM_GCC_541\Debug\cyfitter_cfg.o
 .debug_loc     0x000003fb      0x14f .\CortexM0\ARM_GCC_541\Debug\Cm0Start.o
 .debug_loc     0x0000054a       0x7e .\CortexM0\ARM_GCC_541\Debug\Kursova_9_Varik.a(UART_1.o)
 .debug_loc     0x000005c8       0x96 .\CortexM0\ARM_GCC_541\Debug\Kursova_9_Varik.a(UART_1_SPI_UART.o)
 .debug_loc     0x0000065e      0x1e4 .\CortexM0\ARM_GCC_541\Debug\Kursova_9_Varik.a(UART_1_UART.o)
 .debug_loc     0x00000842       0x13 .\CortexM0\ARM_GCC_541\Debug\Kursova_9_Varik.a(Timer_1.o)
 .debug_loc     0x00000855       0x82 .\CortexM0\ARM_GCC_541\Debug\Kursova_9_Varik.a(isr_1.o)
 .debug_loc     0x000008d7       0xa2 .\CortexM0\ARM_GCC_541\Debug\Kursova_9_Varik.a(Red_Output.o)
 .debug_loc     0x00000979       0xa2 .\CortexM0\ARM_GCC_541\Debug\Kursova_9_Varik.a(Green_Output.o)
 .debug_loc     0x00000a1b       0xa2 .\CortexM0\ARM_GCC_541\Debug\Kursova_9_Varik.a(Blue_Output.o)
 .debug_loc     0x00000abd      0x599 .\CortexM0\ARM_GCC_541\Debug\Kursova_9_Varik.a(CyLib.o)
 .debug_loc     0x00001056      0x9b5 .\CortexM0\ARM_GCC_541\Debug\Kursova_9_Varik.a(CyLFClk.o)

.debug_macinfo
 *(.debug_macinfo)

.debug_ranges   0x00000000      0x5d0
 *(.debug_ranges)
 .debug_ranges  0x00000000       0x48 .\CortexM0\ARM_GCC_541\Debug\main.o
 .debug_ranges  0x00000048       0x28 .\CortexM0\ARM_GCC_541\Debug\cyfitter_cfg.o
 .debug_ranges  0x00000070       0x38 .\CortexM0\ARM_GCC_541\Debug\Cm0Start.o
 .debug_ranges  0x000000a8       0x50 .\CortexM0\ARM_GCC_541\Debug\Kursova_9_Varik.a(UART_1.o)
 .debug_ranges  0x000000f8       0x50 .\CortexM0\ARM_GCC_541\Debug\Kursova_9_Varik.a(UART_1_SPI_UART.o)
 .debug_ranges  0x00000148       0x58 .\CortexM0\ARM_GCC_541\Debug\Kursova_9_Varik.a(UART_1_UART.o)
 .debug_ranges  0x000001a0       0x80 .\CortexM0\ARM_GCC_541\Debug\Kursova_9_Varik.a(Timer_1.o)
 .debug_ranges  0x00000220       0x70 .\CortexM0\ARM_GCC_541\Debug\Kursova_9_Varik.a(isr_1.o)
 .debug_ranges  0x00000290       0x38 .\CortexM0\ARM_GCC_541\Debug\Kursova_9_Varik.a(Red_Output.o)
 .debug_ranges  0x000002c8       0x38 .\CortexM0\ARM_GCC_541\Debug\Kursova_9_Varik.a(Green_Output.o)
 .debug_ranges  0x00000300       0x38 .\CortexM0\ARM_GCC_541\Debug\Kursova_9_Varik.a(Blue_Output.o)
 .debug_ranges  0x00000338      0x170 .\CortexM0\ARM_GCC_541\Debug\Kursova_9_Varik.a(CyLib.o)
 .debug_ranges  0x000004a8      0x128 .\CortexM0\ARM_GCC_541\Debug\Kursova_9_Varik.a(CyLFClk.o)

.comment        0x00000000       0x6e
 .comment       0x00000000       0x6e .\CortexM0\ARM_GCC_541\Debug\main.o
                                 0x6f (size before relaxing)
 .comment       0x0000006e       0x6f .\CortexM0\ARM_GCC_541\Debug\cyfitter_cfg.o
 .comment       0x0000006e       0x6f .\CortexM0\ARM_GCC_541\Debug\cymetadata.o
 .comment       0x0000006e       0x6f .\CortexM0\ARM_GCC_541\Debug\Cm0Start.o
 .comment       0x0000006e       0x6f .\CortexM0\ARM_GCC_541\Debug\Kursova_9_Varik.a(UART_1.o)
 .comment       0x0000006e       0x6f .\CortexM0\ARM_GCC_541\Debug\Kursova_9_Varik.a(UART_1_SPI_UART.o)
 .comment       0x0000006e       0x6f .\CortexM0\ARM_GCC_541\Debug\Kursova_9_Varik.a(UART_1_UART.o)
 .comment       0x0000006e       0x6f .\CortexM0\ARM_GCC_541\Debug\Kursova_9_Varik.a(Timer_1.o)
 .comment       0x0000006e       0x6f .\CortexM0\ARM_GCC_541\Debug\Kursova_9_Varik.a(isr_1.o)
 .comment       0x0000006e       0x6f .\CortexM0\ARM_GCC_541\Debug\Kursova_9_Varik.a(Red_Output.o)
 .comment       0x0000006e       0x6f .\CortexM0\ARM_GCC_541\Debug\Kursova_9_Varik.a(Green_Output.o)
 .comment       0x0000006e       0x6f .\CortexM0\ARM_GCC_541\Debug\Kursova_9_Varik.a(Blue_Output.o)
 .comment       0x0000006e       0x6f .\CortexM0\ARM_GCC_541\Debug\Kursova_9_Varik.a(CyLib.o)
 .comment       0x0000006e       0x6f .\CortexM0\ARM_GCC_541\Debug\Kursova_9_Varik.a(CyLFClk.o)

.debug_weaknames
 *(.debug_weaknames)

.debug_funcnames
 *(.debug_funcnames)

.debug_typenames
 *(.debug_typenames)

.debug_varnames
 *(.debug_varnames)

.note.gnu.arm.ident
 *(.note.gnu.arm.ident)

.ARM.attributes
                0x00000000       0x28
 *(.ARM.attributes)
 .ARM.attributes
                0x00000000       0x1e c:/program files (x86)/cypress/psoc creator/4.4/psoc creator/import/gnu/arm/5.4.1/bin/../lib/gcc/arm-none-eabi/5.4.1/armv6-m/crti.o
 .ARM.attributes
                0x0000001e       0x2c c:/program files (x86)/cypress/psoc creator/4.4/psoc creator/import/gnu/arm/5.4.1/bin/../lib/gcc/arm-none-eabi/5.4.1/armv6-m/crtbegin.o
 .ARM.attributes
                0x0000004a       0x1b c:/program files (x86)/cypress/psoc creator/4.4/psoc creator/import/gnu/arm/5.4.1/bin/../lib/gcc/arm-none-eabi/5.4.1/../../../../arm-none-eabi/lib/armv6-m/crt0.o
 .ARM.attributes
                0x00000065       0x31 .\CortexM0\ARM_GCC_541\Debug\main.o
 .ARM.attributes
                0x00000096       0x31 .\CortexM0\ARM_GCC_541\Debug\cyfitter_cfg.o
 .ARM.attributes
                0x000000c7       0x31 .\CortexM0\ARM_GCC_541\Debug\cymetadata.o
 .ARM.attributes
                0x000000f8       0x31 .\CortexM0\ARM_GCC_541\Debug\Cm0Start.o
 .ARM.attributes
                0x00000129       0x31 .\CortexM0\ARM_GCC_541\Debug\Kursova_9_Varik.a(UART_1.o)
 .ARM.attributes
                0x0000015a       0x31 .\CortexM0\ARM_GCC_541\Debug\Kursova_9_Varik.a(UART_1_SPI_UART.o)
 .ARM.attributes
                0x0000018b       0x31 .\CortexM0\ARM_GCC_541\Debug\Kursova_9_Varik.a(UART_1_UART.o)
 .ARM.attributes
                0x000001bc       0x31 .\CortexM0\ARM_GCC_541\Debug\Kursova_9_Varik.a(Timer_1.o)
 .ARM.attributes
                0x000001ed       0x31 .\CortexM0\ARM_GCC_541\Debug\Kursova_9_Varik.a(isr_1.o)
 .ARM.attributes
                0x0000021e       0x31 .\CortexM0\ARM_GCC_541\Debug\Kursova_9_Varik.a(Red_Output.o)
 .ARM.attributes
                0x0000024f       0x31 .\CortexM0\ARM_GCC_541\Debug\Kursova_9_Varik.a(Green_Output.o)
 .ARM.attributes
                0x00000280       0x31 .\CortexM0\ARM_GCC_541\Debug\Kursova_9_Varik.a(Blue_Output.o)
 .ARM.attributes
                0x000002b1       0x31 .\CortexM0\ARM_GCC_541\Debug\Kursova_9_Varik.a(CyLib.o)
 .ARM.attributes
                0x000002e2       0x31 .\CortexM0\ARM_GCC_541\Debug\Kursova_9_Varik.a(CyLFClk.o)
 .ARM.attributes
                0x00000313       0x21 .\CortexM0\ARM_GCC_541\Debug\Kursova_9_Varik.a(CyBootAsmGnu.o)
 .ARM.attributes
                0x00000334       0x1e c:/program files (x86)/cypress/psoc creator/4.4/psoc creator/import/gnu/arm/5.4.1/bin/../lib/gcc/arm-none-eabi/5.4.1/armv6-m\libgcc.a(_udivsi3.o)
 .ARM.attributes
                0x00000352       0x1e c:/program files (x86)/cypress/psoc creator/4.4/psoc creator/import/gnu/arm/5.4.1/bin/../lib/gcc/arm-none-eabi/5.4.1/armv6-m\libgcc.a(_dvmd_tls.o)
 .ARM.attributes
                0x00000370       0x2c c:/program files (x86)/cypress/psoc creator/4.4/psoc creator/import/gnu/arm/5.4.1/bin/../lib/gcc/arm-none-eabi/5.4.1/../../../../arm-none-eabi/lib/armv6-m\libg_nano.a(lib_a-errno.o)
 .ARM.attributes
                0x0000039c       0x2c c:/program files (x86)/cypress/psoc creator/4.4/psoc creator/import/gnu/arm/5.4.1/bin/../lib/gcc/arm-none-eabi/5.4.1/../../../../arm-none-eabi/lib/armv6-m\libg_nano.a(lib_a-exit.o)
 .ARM.attributes
                0x000003c8       0x2c c:/program files (x86)/cypress/psoc creator/4.4/psoc creator/import/gnu/arm/5.4.1/bin/../lib/gcc/arm-none-eabi/5.4.1/../../../../arm-none-eabi/lib/armv6-m\libg_nano.a(lib_a-impure.o)
 .ARM.attributes
                0x000003f4       0x2c c:/program files (x86)/cypress/psoc creator/4.4/psoc creator/import/gnu/arm/5.4.1/bin/../lib/gcc/arm-none-eabi/5.4.1/../../../../arm-none-eabi/lib/armv6-m\libg_nano.a(lib_a-init.o)
 .ARM.attributes
                0x00000420       0x2c c:/program files (x86)/cypress/psoc creator/4.4/psoc creator/import/gnu/arm/5.4.1/bin/../lib/gcc/arm-none-eabi/5.4.1/../../../../arm-none-eabi/lib/armv6-m\libg_nano.a(lib_a-memset.o)
 .ARM.attributes
                0x0000044c       0x2c c:/program files (x86)/cypress/psoc creator/4.4/psoc creator/import/gnu/arm/5.4.1/bin/../lib/gcc/arm-none-eabi/5.4.1/armv6-m/crtend.o
 .ARM.attributes
                0x00000478       0x1e c:/program files (x86)/cypress/psoc creator/4.4/psoc creator/import/gnu/arm/5.4.1/bin/../lib/gcc/arm-none-eabi/5.4.1/armv6-m/crtn.o

/DISCARD/
 *(.note.GNU-stack)
OUTPUT(C:\Users\Acer\Documents\PSoC Creator\Lab_Works_Microprocesor\Kursova_9_Varik.cydsn\CortexM0\ARM_GCC_541\Debug\Kursova_9_Varik.elf elf32-littlearm)
