Archive member included to satisfy reference by file (symbol)

.\CortexM0\ARM_GCC_541\Debug\Kursova_7_Varik.a(Timer_1.o)
                              .\CortexM0\ARM_GCC_541\Debug\main.o (Timer_1_Start)
.\CortexM0\ARM_GCC_541\Debug\Kursova_7_Varik.a(isr_1.o)
                              .\CortexM0\ARM_GCC_541\Debug\main.o (isr_1_StartEx)
.\CortexM0\ARM_GCC_541\Debug\Kursova_7_Varik.a(UART_1.o)
                              .\CortexM0\ARM_GCC_541\Debug\main.o (UART_1_Start)
.\CortexM0\ARM_GCC_541\Debug\Kursova_7_Varik.a(UART_1_SPI_UART.o)
                              .\CortexM0\ARM_GCC_541\Debug\main.o (UART_1_SpiUartWriteTxData)
.\CortexM0\ARM_GCC_541\Debug\Kursova_7_Varik.a(UART_1_UART.o)
                              .\CortexM0\ARM_GCC_541\Debug\Kursova_7_Varik.a(UART_1.o) (UART_1_UartInit)
.\CortexM0\ARM_GCC_541\Debug\Kursova_7_Varik.a(BLUE.o)
                              .\CortexM0\ARM_GCC_541\Debug\main.o (BLUE_Write)
.\CortexM0\ARM_GCC_541\Debug\Kursova_7_Varik.a(GREEN.o)
                              .\CortexM0\ARM_GCC_541\Debug\main.o (GREEN_Write)
.\CortexM0\ARM_GCC_541\Debug\Kursova_7_Varik.a(RED.o)
                              .\CortexM0\ARM_GCC_541\Debug\main.o (RED_Write)
.\CortexM0\ARM_GCC_541\Debug\Kursova_7_Varik.a(CyLib.o)
                              .\CortexM0\ARM_GCC_541\Debug\cyfitter_cfg.o (CyIntEnable)
.\CortexM0\ARM_GCC_541\Debug\Kursova_7_Varik.a(CyLFClk.o)
                              .\CortexM0\ARM_GCC_541\Debug\cyfitter_cfg.o (CySysWdtIsr)
.\CortexM0\ARM_GCC_541\Debug\Kursova_7_Varik.a(CyBootAsmGnu.o)
                              .\CortexM0\ARM_GCC_541\Debug\Kursova_7_Varik.a(CyLib.o) (CyDelayCycles)
c:/program files (x86)/cypress/psoc creator/4.4/psoc creator/import/gnu/arm/5.4.1/bin/../lib/gcc/arm-none-eabi/5.4.1/armv6-m\libgcc.a(_udivsi3.o)
                              .\CortexM0\ARM_GCC_541\Debug\Kursova_7_Varik.a(CyLib.o) (__aeabi_uidiv)
c:/program files (x86)/cypress/psoc creator/4.4/psoc creator/import/gnu/arm/5.4.1/bin/../lib/gcc/arm-none-eabi/5.4.1/armv6-m\libgcc.a(_dvmd_tls.o)
                              c:/program files (x86)/cypress/psoc creator/4.4/psoc creator/import/gnu/arm/5.4.1/bin/../lib/gcc/arm-none-eabi/5.4.1/armv6-m\libgcc.a(_udivsi3.o) (__aeabi_idiv0)
c:/program files (x86)/cypress/psoc creator/4.4/psoc creator/import/gnu/arm/5.4.1/bin/../lib/gcc/arm-none-eabi/5.4.1/../../../../arm-none-eabi/lib/armv6-m\libg_nano.a(lib_a-errno.o)
                              .\CortexM0\ARM_GCC_541\Debug\Cm0Start.o (__errno)
c:/program files (x86)/cypress/psoc creator/4.4/psoc creator/import/gnu/arm/5.4.1/bin/../lib/gcc/arm-none-eabi/5.4.1/../../../../arm-none-eabi/lib/armv6-m\libg_nano.a(lib_a-exit.o)
                              c:/program files (x86)/cypress/psoc creator/4.4/psoc creator/import/gnu/arm/5.4.1/bin/../lib/gcc/arm-none-eabi/5.4.1/../../../../arm-none-eabi/lib/armv6-m/crt0.o (exit)
c:/program files (x86)/cypress/psoc creator/4.4/psoc creator/import/gnu/arm/5.4.1/bin/../lib/gcc/arm-none-eabi/5.4.1/../../../../arm-none-eabi/lib/armv6-m\libg_nano.a(lib_a-impure.o)
                              c:/program files (x86)/cypress/psoc creator/4.4/psoc creator/import/gnu/arm/5.4.1/bin/../lib/gcc/arm-none-eabi/5.4.1/../../../../arm-none-eabi/lib/armv6-m\libg_nano.a(lib_a-exit.o) (_global_impure_ptr)
c:/program files (x86)/cypress/psoc creator/4.4/psoc creator/import/gnu/arm/5.4.1/bin/../lib/gcc/arm-none-eabi/5.4.1/../../../../arm-none-eabi/lib/armv6-m\libg_nano.a(lib_a-init.o)
                              c:/program files (x86)/cypress/psoc creator/4.4/psoc creator/import/gnu/arm/5.4.1/bin/../lib/gcc/arm-none-eabi/5.4.1/../../../../arm-none-eabi/lib/armv6-m/crt0.o (__libc_init_array)
c:/program files (x86)/cypress/psoc creator/4.4/psoc creator/import/gnu/arm/5.4.1/bin/../lib/gcc/arm-none-eabi/5.4.1/../../../../arm-none-eabi/lib/armv6-m\libg_nano.a(lib_a-memset.o)
                              c:/program files (x86)/cypress/psoc creator/4.4/psoc creator/import/gnu/arm/5.4.1/bin/../lib/gcc/arm-none-eabi/5.4.1/../../../../arm-none-eabi/lib/armv6-m/crt0.o (memset)

Allocating common symbols
Common symbol       size              file

ChannelDescriptorsArray
                    0x18              .\CortexM0\ARM_GCC_541\Debug\main.o
UartBuffer          0x7               .\CortexM0\ARM_GCC_541\Debug\main.o
UartBufferIdx       0x1               .\CortexM0\ARM_GCC_541\Debug\main.o

Discarded input sections

 .text          0x00000000        0x0 c:/program files (x86)/cypress/psoc creator/4.4/psoc creator/import/gnu/arm/5.4.1/bin/../lib/gcc/arm-none-eabi/5.4.1/armv6-m/crti.o
 .data          0x00000000        0x0 c:/program files (x86)/cypress/psoc creator/4.4/psoc creator/import/gnu/arm/5.4.1/bin/../lib/gcc/arm-none-eabi/5.4.1/armv6-m/crti.o
 .bss           0x00000000        0x0 c:/program files (x86)/cypress/psoc creator/4.4/psoc creator/import/gnu/arm/5.4.1/bin/../lib/gcc/arm-none-eabi/5.4.1/armv6-m/crti.o
 .data          0x00000000        0x4 c:/program files (x86)/cypress/psoc creator/4.4/psoc creator/import/gnu/arm/5.4.1/bin/../lib/gcc/arm-none-eabi/5.4.1/armv6-m/crtbegin.o
 .text          0x00000000       0x78 c:/program files (x86)/cypress/psoc creator/4.4/psoc creator/import/gnu/arm/5.4.1/bin/../lib/gcc/arm-none-eabi/5.4.1/../../../../arm-none-eabi/lib/armv6-m/crt0.o
 .data          0x00000000        0x0 c:/program files (x86)/cypress/psoc creator/4.4/psoc creator/import/gnu/arm/5.4.1/bin/../lib/gcc/arm-none-eabi/5.4.1/../../../../arm-none-eabi/lib/armv6-m/crt0.o
 .bss           0x00000000        0x0 c:/program files (x86)/cypress/psoc creator/4.4/psoc creator/import/gnu/arm/5.4.1/bin/../lib/gcc/arm-none-eabi/5.4.1/../../../../arm-none-eabi/lib/armv6-m/crt0.o
 .ARM.extab     0x00000000        0x0 c:/program files (x86)/cypress/psoc creator/4.4/psoc creator/import/gnu/arm/5.4.1/bin/../lib/gcc/arm-none-eabi/5.4.1/../../../../arm-none-eabi/lib/armv6-m/crt0.o
 .ARM.exidx     0x00000000        0x8 c:/program files (x86)/cypress/psoc creator/4.4/psoc creator/import/gnu/arm/5.4.1/bin/../lib/gcc/arm-none-eabi/5.4.1/../../../../arm-none-eabi/lib/armv6-m/crt0.o
 .text          0x00000000        0x0 .\CortexM0\ARM_GCC_541\Debug\main.o
 .data          0x00000000        0x0 .\CortexM0\ARM_GCC_541\Debug\main.o
 .bss           0x00000000        0x0 .\CortexM0\ARM_GCC_541\Debug\main.o
 .text          0x00000000        0x0 .\CortexM0\ARM_GCC_541\Debug\cyfitter_cfg.o
 .data          0x00000000        0x0 .\CortexM0\ARM_GCC_541\Debug\cyfitter_cfg.o
 .bss           0x00000000        0x0 .\CortexM0\ARM_GCC_541\Debug\cyfitter_cfg.o
 .text          0x00000000        0x0 .\CortexM0\ARM_GCC_541\Debug\cymetadata.o
 .data          0x00000000        0x0 .\CortexM0\ARM_GCC_541\Debug\cymetadata.o
 .bss           0x00000000        0x0 .\CortexM0\ARM_GCC_541\Debug\cymetadata.o
 .text          0x00000000        0x0 .\CortexM0\ARM_GCC_541\Debug\Cm0Start.o
 .data          0x00000000        0x4 .\CortexM0\ARM_GCC_541\Debug\Cm0Start.o
 .bss           0x00000000        0x0 .\CortexM0\ARM_GCC_541\Debug\Cm0Start.o
 .text._exit    0x00000000        0xc .\CortexM0\ARM_GCC_541\Debug\Cm0Start.o
 .text._sbrk    0x00000000       0x30 .\CortexM0\ARM_GCC_541\Debug\Cm0Start.o
 .text          0x00000000        0x0 .\CortexM0\ARM_GCC_541\Debug\Kursova_7_Varik.a(Timer_1.o)
 .data          0x00000000        0x0 .\CortexM0\ARM_GCC_541\Debug\Kursova_7_Varik.a(Timer_1.o)
 .text.Timer_1_Stop
                0x00000000       0x10 .\CortexM0\ARM_GCC_541\Debug\Kursova_7_Varik.a(Timer_1.o)
 .text.Timer_1_SoftwareCapture
                0x00000000        0xc .\CortexM0\ARM_GCC_541\Debug\Kursova_7_Varik.a(Timer_1.o)
 .text.Timer_1_ReadControlRegister
                0x00000000        0xc .\CortexM0\ARM_GCC_541\Debug\Kursova_7_Varik.a(Timer_1.o)
 .text.Timer_1_WriteControlRegister
                0x00000000        0xc .\CortexM0\ARM_GCC_541\Debug\Kursova_7_Varik.a(Timer_1.o)
 .text.Timer_1_ReadPeriod
                0x00000000        0xc .\CortexM0\ARM_GCC_541\Debug\Kursova_7_Varik.a(Timer_1.o)
 .text.Timer_1_ReadCounter
                0x00000000       0x14 .\CortexM0\ARM_GCC_541\Debug\Kursova_7_Varik.a(Timer_1.o)
 .text          0x00000000        0x0 .\CortexM0\ARM_GCC_541\Debug\Kursova_7_Varik.a(isr_1.o)
 .data          0x00000000        0x0 .\CortexM0\ARM_GCC_541\Debug\Kursova_7_Varik.a(isr_1.o)
 .bss           0x00000000        0x0 .\CortexM0\ARM_GCC_541\Debug\Kursova_7_Varik.a(isr_1.o)
 .text.isr_1_Interrupt
                0x00000000        0x4 .\CortexM0\ARM_GCC_541\Debug\Kursova_7_Varik.a(isr_1.o)
 .text.isr_1_GetVector
                0x00000000        0xc .\CortexM0\ARM_GCC_541\Debug\Kursova_7_Varik.a(isr_1.o)
 .text.isr_1_GetPriority
                0x00000000       0x10 .\CortexM0\ARM_GCC_541\Debug\Kursova_7_Varik.a(isr_1.o)
 .text.isr_1_GetState
                0x00000000       0x10 .\CortexM0\ARM_GCC_541\Debug\Kursova_7_Varik.a(isr_1.o)
 .text.isr_1_Start
                0x00000000       0x1c .\CortexM0\ARM_GCC_541\Debug\Kursova_7_Varik.a(isr_1.o)
 .text.isr_1_Stop
                0x00000000       0x14 .\CortexM0\ARM_GCC_541\Debug\Kursova_7_Varik.a(isr_1.o)
 .text.isr_1_SetPending
                0x00000000        0xc .\CortexM0\ARM_GCC_541\Debug\Kursova_7_Varik.a(isr_1.o)
 .text.isr_1_ClearPending
                0x00000000        0xc .\CortexM0\ARM_GCC_541\Debug\Kursova_7_Varik.a(isr_1.o)
 .text          0x00000000        0x0 .\CortexM0\ARM_GCC_541\Debug\Kursova_7_Varik.a(UART_1.o)
 .data          0x00000000        0x0 .\CortexM0\ARM_GCC_541\Debug\Kursova_7_Varik.a(UART_1.o)
 .text.UART_1_ScbModeStop
                0x00000000        0x8 .\CortexM0\ARM_GCC_541\Debug\Kursova_7_Varik.a(UART_1.o)
 .text.UART_1_Stop
                0x00000000       0x20 .\CortexM0\ARM_GCC_541\Debug\Kursova_7_Varik.a(UART_1.o)
 .text.UART_1_SetRxFifoLevel
                0x00000000       0x14 .\CortexM0\ARM_GCC_541\Debug\Kursova_7_Varik.a(UART_1.o)
 .text.UART_1_SetTxFifoLevel
                0x00000000       0x14 .\CortexM0\ARM_GCC_541\Debug\Kursova_7_Varik.a(UART_1.o)
 .text.UART_1_I2CSlaveNackGeneration
                0x00000000       0x3c .\CortexM0\ARM_GCC_541\Debug\Kursova_7_Varik.a(UART_1.o)
 .text          0x00000000        0x0 .\CortexM0\ARM_GCC_541\Debug\Kursova_7_Varik.a(UART_1_SPI_UART.o)
 .data          0x00000000        0x0 .\CortexM0\ARM_GCC_541\Debug\Kursova_7_Varik.a(UART_1_SPI_UART.o)
 .bss           0x00000000        0x0 .\CortexM0\ARM_GCC_541\Debug\Kursova_7_Varik.a(UART_1_SPI_UART.o)
 .text.UART_1_SpiUartClearRxBuffer
                0x00000000       0x20 .\CortexM0\ARM_GCC_541\Debug\Kursova_7_Varik.a(UART_1_SPI_UART.o)
 .text.UART_1_SpiUartPutArray
                0x00000000       0x18 .\CortexM0\ARM_GCC_541\Debug\Kursova_7_Varik.a(UART_1_SPI_UART.o)
 .text.UART_1_SpiUartGetTxBufferSize
                0x00000000       0x10 .\CortexM0\ARM_GCC_541\Debug\Kursova_7_Varik.a(UART_1_SPI_UART.o)
 .text.UART_1_SpiUartClearTxBuffer
                0x00000000       0x20 .\CortexM0\ARM_GCC_541\Debug\Kursova_7_Varik.a(UART_1_SPI_UART.o)
 .text.UART_1_SpiUartDisableIntRx
                0x00000000       0x10 .\CortexM0\ARM_GCC_541\Debug\Kursova_7_Varik.a(UART_1_SPI_UART.o)
 .text.UART_1_SpiUartDisableIntTx
                0x00000000       0x10 .\CortexM0\ARM_GCC_541\Debug\Kursova_7_Varik.a(UART_1_SPI_UART.o)
 .text          0x00000000        0x0 .\CortexM0\ARM_GCC_541\Debug\Kursova_7_Varik.a(UART_1_UART.o)
 .data          0x00000000        0x0 .\CortexM0\ARM_GCC_541\Debug\Kursova_7_Varik.a(UART_1_UART.o)
 .bss           0x00000000        0x0 .\CortexM0\ARM_GCC_541\Debug\Kursova_7_Varik.a(UART_1_UART.o)
 .text.UART_1_UartStop
                0x00000000       0x2c .\CortexM0\ARM_GCC_541\Debug\Kursova_7_Varik.a(UART_1_UART.o)
 .text.UART_1_UartSetRxAddress
                0x00000000       0x14 .\CortexM0\ARM_GCC_541\Debug\Kursova_7_Varik.a(UART_1_UART.o)
 .text.UART_1_UartSetRxAddressMask
                0x00000000       0x18 .\CortexM0\ARM_GCC_541\Debug\Kursova_7_Varik.a(UART_1_UART.o)
 .text.UART_1_UartGetByte
                0x00000000       0x34 .\CortexM0\ARM_GCC_541\Debug\Kursova_7_Varik.a(UART_1_UART.o)
 .text.UART_1_UartPutString
                0x00000000       0x18 .\CortexM0\ARM_GCC_541\Debug\Kursova_7_Varik.a(UART_1_UART.o)
 .text.UART_1_UartPutCRLF
                0x00000000       0x14 .\CortexM0\ARM_GCC_541\Debug\Kursova_7_Varik.a(UART_1_UART.o)
 .text.UART_1_UartSendBreakBlocking
                0x00000000       0x58 .\CortexM0\ARM_GCC_541\Debug\Kursova_7_Varik.a(UART_1_UART.o)
 .text          0x00000000        0x0 .\CortexM0\ARM_GCC_541\Debug\Kursova_7_Varik.a(BLUE.o)
 .data          0x00000000        0x0 .\CortexM0\ARM_GCC_541\Debug\Kursova_7_Varik.a(BLUE.o)
 .bss           0x00000000        0x0 .\CortexM0\ARM_GCC_541\Debug\Kursova_7_Varik.a(BLUE.o)
 .text.BLUE_SetDriveMode
                0x00000000       0x18 .\CortexM0\ARM_GCC_541\Debug\Kursova_7_Varik.a(BLUE.o)
 .text.BLUE_Read
                0x00000000       0x10 .\CortexM0\ARM_GCC_541\Debug\Kursova_7_Varik.a(BLUE.o)
 .text.BLUE_ReadDataReg
                0x00000000       0x10 .\CortexM0\ARM_GCC_541\Debug\Kursova_7_Varik.a(BLUE.o)
 .text.BLUE_SetInterruptMode
                0x00000000       0x14 .\CortexM0\ARM_GCC_541\Debug\Kursova_7_Varik.a(BLUE.o)
 .text.BLUE_ClearInterrupt
                0x00000000       0x14 .\CortexM0\ARM_GCC_541\Debug\Kursova_7_Varik.a(BLUE.o)
 .text          0x00000000        0x0 .\CortexM0\ARM_GCC_541\Debug\Kursova_7_Varik.a(GREEN.o)
 .data          0x00000000        0x0 .\CortexM0\ARM_GCC_541\Debug\Kursova_7_Varik.a(GREEN.o)
 .bss           0x00000000        0x0 .\CortexM0\ARM_GCC_541\Debug\Kursova_7_Varik.a(GREEN.o)
 .text.GREEN_SetDriveMode
                0x00000000       0x18 .\CortexM0\ARM_GCC_541\Debug\Kursova_7_Varik.a(GREEN.o)
 .text.GREEN_Read
                0x00000000       0x10 .\CortexM0\ARM_GCC_541\Debug\Kursova_7_Varik.a(GREEN.o)
 .text.GREEN_ReadDataReg
                0x00000000       0x10 .\CortexM0\ARM_GCC_541\Debug\Kursova_7_Varik.a(GREEN.o)
 .text.GREEN_SetInterruptMode
                0x00000000       0x14 .\CortexM0\ARM_GCC_541\Debug\Kursova_7_Varik.a(GREEN.o)
 .text.GREEN_ClearInterrupt
                0x00000000       0x14 .\CortexM0\ARM_GCC_541\Debug\Kursova_7_Varik.a(GREEN.o)
 .text          0x00000000        0x0 .\CortexM0\ARM_GCC_541\Debug\Kursova_7_Varik.a(RED.o)
 .data          0x00000000        0x0 .\CortexM0\ARM_GCC_541\Debug\Kursova_7_Varik.a(RED.o)
 .bss           0x00000000        0x0 .\CortexM0\ARM_GCC_541\Debug\Kursova_7_Varik.a(RED.o)
 .text.RED_SetDriveMode
                0x00000000       0x18 .\CortexM0\ARM_GCC_541\Debug\Kursova_7_Varik.a(RED.o)
 .text.RED_Read
                0x00000000       0x10 .\CortexM0\ARM_GCC_541\Debug\Kursova_7_Varik.a(RED.o)
 .text.RED_ReadDataReg
                0x00000000       0x10 .\CortexM0\ARM_GCC_541\Debug\Kursova_7_Varik.a(RED.o)
 .text.RED_SetInterruptMode
                0x00000000       0x14 .\CortexM0\ARM_GCC_541\Debug\Kursova_7_Varik.a(RED.o)
 .text.RED_ClearInterrupt
                0x00000000       0x14 .\CortexM0\ARM_GCC_541\Debug\Kursova_7_Varik.a(RED.o)
 .text          0x00000000        0x0 .\CortexM0\ARM_GCC_541\Debug\Kursova_7_Varik.a(CyLib.o)
 .bss           0x00000000       0x18 .\CortexM0\ARM_GCC_541\Debug\Kursova_7_Varik.a(CyLib.o)
 .text.CySysClkImoStart
                0x00000000       0x14 .\CortexM0\ARM_GCC_541\Debug\Kursova_7_Varik.a(CyLib.o)
 .text.CySysClkImoStop
                0x00000000       0x10 .\CortexM0\ARM_GCC_541\Debug\Kursova_7_Varik.a(CyLib.o)
 .text.CySysClkWriteHfclkDirect
                0x00000000       0x20 .\CortexM0\ARM_GCC_541\Debug\Kursova_7_Varik.a(CyLib.o)
 .text.CySysEnablePumpClock
                0x00000000       0x38 .\CortexM0\ARM_GCC_541\Debug\Kursova_7_Varik.a(CyLib.o)
 .text.CySysClkGetSysclkSource
                0x00000000       0x1c .\CortexM0\ARM_GCC_541\Debug\Kursova_7_Varik.a(CyLib.o)
 .text.CySysClkWriteSysclkDiv
                0x00000000       0x30 .\CortexM0\ARM_GCC_541\Debug\Kursova_7_Varik.a(CyLib.o)
 .text.CySysLvdDisable
                0x00000000       0x20 .\CortexM0\ARM_GCC_541\Debug\Kursova_7_Varik.a(CyLib.o)
 .text.CySysLvdGetInterruptSource
                0x00000000       0x10 .\CortexM0\ARM_GCC_541\Debug\Kursova_7_Varik.a(CyLib.o)
 .text.CySysLvdClearInterrupt
                0x00000000        0xc .\CortexM0\ARM_GCC_541\Debug\Kursova_7_Varik.a(CyLib.o)
 .text.CySysGetResetReason
                0x00000000       0x14 .\CortexM0\ARM_GCC_541\Debug\Kursova_7_Varik.a(CyLib.o)
 .text.CyDisableInts
                0x00000000       0x10 .\CortexM0\ARM_GCC_541\Debug\Kursova_7_Varik.a(CyLib.o)
 .text.CyEnableInts
                0x00000000        0xc .\CortexM0\ARM_GCC_541\Debug\Kursova_7_Varik.a(CyLib.o)
 .text.CyIntGetState
                0x00000000       0x18 .\CortexM0\ARM_GCC_541\Debug\Kursova_7_Varik.a(CyLib.o)
 .text.CyIntDisable
                0x00000000       0x14 .\CortexM0\ARM_GCC_541\Debug\Kursova_7_Varik.a(CyLib.o)
 .text.CyIntSetPending
                0x00000000       0x14 .\CortexM0\ARM_GCC_541\Debug\Kursova_7_Varik.a(CyLib.o)
 .text.CyIntClearPending
                0x00000000       0x14 .\CortexM0\ARM_GCC_541\Debug\Kursova_7_Varik.a(CyLib.o)
 .text.CyIntSetSysVector
                0x00000000       0x20 .\CortexM0\ARM_GCC_541\Debug\Kursova_7_Varik.a(CyLib.o)
 .text.CyIntGetSysVector
                0x00000000       0x1c .\CortexM0\ARM_GCC_541\Debug\Kursova_7_Varik.a(CyLib.o)
 .text.CyIntGetVector
                0x00000000       0x20 .\CortexM0\ARM_GCC_541\Debug\Kursova_7_Varik.a(CyLib.o)
 .text.CyIntSetPriority
                0x00000000       0x4c .\CortexM0\ARM_GCC_541\Debug\Kursova_7_Varik.a(CyLib.o)
 .text.CyIntGetPriority
                0x00000000       0x2c .\CortexM0\ARM_GCC_541\Debug\Kursova_7_Varik.a(CyLib.o)
 .text.CySoftwareReset
                0x00000000       0x18 .\CortexM0\ARM_GCC_541\Debug\Kursova_7_Varik.a(CyLib.o)
 .text.CyDelay  0x00000000       0x30 .\CortexM0\ARM_GCC_541\Debug\Kursova_7_Varik.a(CyLib.o)
 .text.CySysLvdEnable
                0x00000000       0x44 .\CortexM0\ARM_GCC_541\Debug\Kursova_7_Varik.a(CyLib.o)
 .text.CyDelayFreq
                0x00000000       0x4c .\CortexM0\ARM_GCC_541\Debug\Kursova_7_Varik.a(CyLib.o)
 .text.CySysTickStop
                0x00000000       0x10 .\CortexM0\ARM_GCC_541\Debug\Kursova_7_Varik.a(CyLib.o)
 .text.CySysTickEnableInterrupt
                0x00000000       0x10 .\CortexM0\ARM_GCC_541\Debug\Kursova_7_Varik.a(CyLib.o)
 .text.CySysTickEnable
                0x00000000       0x18 .\CortexM0\ARM_GCC_541\Debug\Kursova_7_Varik.a(CyLib.o)
 .text.CySysTickDisableInterrupt
                0x00000000       0x10 .\CortexM0\ARM_GCC_541\Debug\Kursova_7_Varik.a(CyLib.o)
 .text.CySysTickSetReload
                0x00000000       0x10 .\CortexM0\ARM_GCC_541\Debug\Kursova_7_Varik.a(CyLib.o)
 .text.CySysTickGetReload
                0x00000000       0x10 .\CortexM0\ARM_GCC_541\Debug\Kursova_7_Varik.a(CyLib.o)
 .text.CySysTickGetValue
                0x00000000       0x10 .\CortexM0\ARM_GCC_541\Debug\Kursova_7_Varik.a(CyLib.o)
 .text.CySysTickGetCountFlag
                0x00000000       0x10 .\CortexM0\ARM_GCC_541\Debug\Kursova_7_Varik.a(CyLib.o)
 .text.CySysTickServiceCallbacks
                0x00000000       0x28 .\CortexM0\ARM_GCC_541\Debug\Kursova_7_Varik.a(CyLib.o)
 .text.CySysTickClear
                0x00000000        0xc .\CortexM0\ARM_GCC_541\Debug\Kursova_7_Varik.a(CyLib.o)
 .text.CySysTickInit
                0x00000000       0x40 .\CortexM0\ARM_GCC_541\Debug\Kursova_7_Varik.a(CyLib.o)
 .text.CySysTickStart
                0x00000000       0x20 .\CortexM0\ARM_GCC_541\Debug\Kursova_7_Varik.a(CyLib.o)
 .text.CySysTickSetCallback
                0x00000000       0x10 .\CortexM0\ARM_GCC_541\Debug\Kursova_7_Varik.a(CyLib.o)
 .text.CySysTickGetCallback
                0x00000000        0xc .\CortexM0\ARM_GCC_541\Debug\Kursova_7_Varik.a(CyLib.o)
 .text.CyGetUniqueId
                0x00000000       0x70 .\CortexM0\ARM_GCC_541\Debug\Kursova_7_Varik.a(CyLib.o)
 .text          0x00000000        0x0 .\CortexM0\ARM_GCC_541\Debug\Kursova_7_Varik.a(CyLFClk.o)
 .text.CySysClkIloEnabled
                0x00000000       0x14 .\CortexM0\ARM_GCC_541\Debug\Kursova_7_Varik.a(CyLFClk.o)
 .text.CySysClkIloStart
                0x00000000       0x14 .\CortexM0\ARM_GCC_541\Debug\Kursova_7_Varik.a(CyLFClk.o)
 .text.CySysClkIloStartMeasurement
                0x00000000       0x34 .\CortexM0\ARM_GCC_541\Debug\Kursova_7_Varik.a(CyLFClk.o)
 .text.CySysClkIloStopMeasurement
                0x00000000       0x14 .\CortexM0\ARM_GCC_541\Debug\Kursova_7_Varik.a(CyLFClk.o)
 .text.CySysClkIloCompensate
                0x00000000      0x104 .\CortexM0\ARM_GCC_541\Debug\Kursova_7_Varik.a(CyLFClk.o)
 .text.CySysWdtGetEnabledStatus
                0x00000000       0x24 .\CortexM0\ARM_GCC_541\Debug\Kursova_7_Varik.a(CyLFClk.o)
 .text.CySysWdtSetMode
                0x00000000       0x38 .\CortexM0\ARM_GCC_541\Debug\Kursova_7_Varik.a(CyLFClk.o)
 .text.CySysClkLfclkPosedgeRestore
                0x00000000       0x2c .\CortexM0\ARM_GCC_541\Debug\Kursova_7_Varik.a(CyLFClk.o)
 .text.CySysWdtGetMode
                0x00000000       0x14 .\CortexM0\ARM_GCC_541\Debug\Kursova_7_Varik.a(CyLFClk.o)
 .text.CySysWdtSetClearOnMatch
                0x00000000       0x34 .\CortexM0\ARM_GCC_541\Debug\Kursova_7_Varik.a(CyLFClk.o)
 .text.CySysWdtGetClearOnMatch
                0x00000000       0x24 .\CortexM0\ARM_GCC_541\Debug\Kursova_7_Varik.a(CyLFClk.o)
 .text.CySysWdtEnable
                0x00000000       0x40 .\CortexM0\ARM_GCC_541\Debug\Kursova_7_Varik.a(CyLFClk.o)
 .text.CySysWdtDisable
                0x00000000       0x44 .\CortexM0\ARM_GCC_541\Debug\Kursova_7_Varik.a(CyLFClk.o)
 .text.CySysWdtSetCascade
                0x00000000       0x34 .\CortexM0\ARM_GCC_541\Debug\Kursova_7_Varik.a(CyLFClk.o)
 .text.CySysWdtGetCascade
                0x00000000       0x14 .\CortexM0\ARM_GCC_541\Debug\Kursova_7_Varik.a(CyLFClk.o)
 .text.CySysWdtSetMatch
                0x00000000       0x38 .\CortexM0\ARM_GCC_541\Debug\Kursova_7_Varik.a(CyLFClk.o)
 .text.CySysWdtSetToggleBit
                0x00000000       0x30 .\CortexM0\ARM_GCC_541\Debug\Kursova_7_Varik.a(CyLFClk.o)
 .text.CySysWdtGetToggleBit
                0x00000000       0x10 .\CortexM0\ARM_GCC_541\Debug\Kursova_7_Varik.a(CyLFClk.o)
 .text.CySysWdtGetMatch
                0x00000000       0x20 .\CortexM0\ARM_GCC_541\Debug\Kursova_7_Varik.a(CyLFClk.o)
 .text.CySysWdtGetCount
                0x00000000       0x3c .\CortexM0\ARM_GCC_541\Debug\Kursova_7_Varik.a(CyLFClk.o)
 .text.CySysClkLfclkPosedgeCatch
                0x00000000       0x74 .\CortexM0\ARM_GCC_541\Debug\Kursova_7_Varik.a(CyLFClk.o)
 .text.CySysClkIloStop
                0x00000000       0x38 .\CortexM0\ARM_GCC_541\Debug\Kursova_7_Varik.a(CyLFClk.o)
 .text.CySysWdtGetInterruptSource
                0x00000000       0x14 .\CortexM0\ARM_GCC_541\Debug\Kursova_7_Varik.a(CyLFClk.o)
 .text.CySysWdtResetCounters
                0x00000000       0x20 .\CortexM0\ARM_GCC_541\Debug\Kursova_7_Varik.a(CyLFClk.o)
 .text.CySysWdtSetInterruptCallback
                0x00000000       0x20 .\CortexM0\ARM_GCC_541\Debug\Kursova_7_Varik.a(CyLFClk.o)
 .text.CySysWdtGetInterruptCallback
                0x00000000       0x20 .\CortexM0\ARM_GCC_541\Debug\Kursova_7_Varik.a(CyLFClk.o)
 .text.CySysWdtEnableCounterIsr
                0x00000000       0x34 .\CortexM0\ARM_GCC_541\Debug\Kursova_7_Varik.a(CyLFClk.o)
 .text.CySysWdtDisableCounterIsr
                0x00000000       0x28 .\CortexM0\ARM_GCC_541\Debug\Kursova_7_Varik.a(CyLFClk.o)
 .text.CySysWatchdogFeed
                0x00000000       0x60 .\CortexM0\ARM_GCC_541\Debug\Kursova_7_Varik.a(CyLFClk.o)
 .text.CySysTimerDelayUntilMatch
                0x00000000       0x6c .\CortexM0\ARM_GCC_541\Debug\Kursova_7_Varik.a(CyLFClk.o)
 .text.CySysTimerDelay
                0x00000000       0x3c .\CortexM0\ARM_GCC_541\Debug\Kursova_7_Varik.a(CyLFClk.o)
 .rodata        0x00000000        0xc .\CortexM0\ARM_GCC_541\Debug\Kursova_7_Varik.a(CyLFClk.o)
 .data          0x00000000        0x0 .\CortexM0\ARM_GCC_541\Debug\Kursova_7_Varik.a(CyBootAsmGnu.o)
 .bss           0x00000000        0x0 .\CortexM0\ARM_GCC_541\Debug\Kursova_7_Varik.a(CyBootAsmGnu.o)
 .text          0x00000000      0x114 c:/program files (x86)/cypress/psoc creator/4.4/psoc creator/import/gnu/arm/5.4.1/bin/../lib/gcc/arm-none-eabi/5.4.1/armv6-m\libgcc.a(_udivsi3.o)
 .data          0x00000000        0x0 c:/program files (x86)/cypress/psoc creator/4.4/psoc creator/import/gnu/arm/5.4.1/bin/../lib/gcc/arm-none-eabi/5.4.1/armv6-m\libgcc.a(_udivsi3.o)
 .bss           0x00000000        0x0 c:/program files (x86)/cypress/psoc creator/4.4/psoc creator/import/gnu/arm/5.4.1/bin/../lib/gcc/arm-none-eabi/5.4.1/armv6-m\libgcc.a(_udivsi3.o)
 .text          0x00000000        0x4 c:/program files (x86)/cypress/psoc creator/4.4/psoc creator/import/gnu/arm/5.4.1/bin/../lib/gcc/arm-none-eabi/5.4.1/armv6-m\libgcc.a(_dvmd_tls.o)
 .data          0x00000000        0x0 c:/program files (x86)/cypress/psoc creator/4.4/psoc creator/import/gnu/arm/5.4.1/bin/../lib/gcc/arm-none-eabi/5.4.1/armv6-m\libgcc.a(_dvmd_tls.o)
 .bss           0x00000000        0x0 c:/program files (x86)/cypress/psoc creator/4.4/psoc creator/import/gnu/arm/5.4.1/bin/../lib/gcc/arm-none-eabi/5.4.1/armv6-m\libgcc.a(_dvmd_tls.o)
 .text          0x00000000        0x0 c:/program files (x86)/cypress/psoc creator/4.4/psoc creator/import/gnu/arm/5.4.1/bin/../lib/gcc/arm-none-eabi/5.4.1/../../../../arm-none-eabi/lib/armv6-m\libg_nano.a(lib_a-errno.o)
 .data          0x00000000        0x0 c:/program files (x86)/cypress/psoc creator/4.4/psoc creator/import/gnu/arm/5.4.1/bin/../lib/gcc/arm-none-eabi/5.4.1/../../../../arm-none-eabi/lib/armv6-m\libg_nano.a(lib_a-errno.o)
 .bss           0x00000000        0x0 c:/program files (x86)/cypress/psoc creator/4.4/psoc creator/import/gnu/arm/5.4.1/bin/../lib/gcc/arm-none-eabi/5.4.1/../../../../arm-none-eabi/lib/armv6-m\libg_nano.a(lib_a-errno.o)
 .text          0x00000000        0x0 c:/program files (x86)/cypress/psoc creator/4.4/psoc creator/import/gnu/arm/5.4.1/bin/../lib/gcc/arm-none-eabi/5.4.1/../../../../arm-none-eabi/lib/armv6-m\libg_nano.a(lib_a-exit.o)
 .data          0x00000000        0x0 c:/program files (x86)/cypress/psoc creator/4.4/psoc creator/import/gnu/arm/5.4.1/bin/../lib/gcc/arm-none-eabi/5.4.1/../../../../arm-none-eabi/lib/armv6-m\libg_nano.a(lib_a-exit.o)
 .bss           0x00000000        0x0 c:/program files (x86)/cypress/psoc creator/4.4/psoc creator/import/gnu/arm/5.4.1/bin/../lib/gcc/arm-none-eabi/5.4.1/../../../../arm-none-eabi/lib/armv6-m\libg_nano.a(lib_a-exit.o)
 .text.exit     0x00000000       0x2c c:/program files (x86)/cypress/psoc creator/4.4/psoc creator/import/gnu/arm/5.4.1/bin/../lib/gcc/arm-none-eabi/5.4.1/../../../../arm-none-eabi/lib/armv6-m\libg_nano.a(lib_a-exit.o)
 .text          0x00000000        0x0 c:/program files (x86)/cypress/psoc creator/4.4/psoc creator/import/gnu/arm/5.4.1/bin/../lib/gcc/arm-none-eabi/5.4.1/../../../../arm-none-eabi/lib/armv6-m\libg_nano.a(lib_a-impure.o)
 .data          0x00000000        0x0 c:/program files (x86)/cypress/psoc creator/4.4/psoc creator/import/gnu/arm/5.4.1/bin/../lib/gcc/arm-none-eabi/5.4.1/../../../../arm-none-eabi/lib/armv6-m\libg_nano.a(lib_a-impure.o)
 .bss           0x00000000        0x0 c:/program files (x86)/cypress/psoc creator/4.4/psoc creator/import/gnu/arm/5.4.1/bin/../lib/gcc/arm-none-eabi/5.4.1/../../../../arm-none-eabi/lib/armv6-m\libg_nano.a(lib_a-impure.o)
 .rodata._global_impure_ptr
                0x00000000        0x4 c:/program files (x86)/cypress/psoc creator/4.4/psoc creator/import/gnu/arm/5.4.1/bin/../lib/gcc/arm-none-eabi/5.4.1/../../../../arm-none-eabi/lib/armv6-m\libg_nano.a(lib_a-impure.o)
 .text          0x00000000        0x0 c:/program files (x86)/cypress/psoc creator/4.4/psoc creator/import/gnu/arm/5.4.1/bin/../lib/gcc/arm-none-eabi/5.4.1/../../../../arm-none-eabi/lib/armv6-m\libg_nano.a(lib_a-init.o)
 .data          0x00000000        0x0 c:/program files (x86)/cypress/psoc creator/4.4/psoc creator/import/gnu/arm/5.4.1/bin/../lib/gcc/arm-none-eabi/5.4.1/../../../../arm-none-eabi/lib/armv6-m\libg_nano.a(lib_a-init.o)
 .bss           0x00000000        0x0 c:/program files (x86)/cypress/psoc creator/4.4/psoc creator/import/gnu/arm/5.4.1/bin/../lib/gcc/arm-none-eabi/5.4.1/../../../../arm-none-eabi/lib/armv6-m\libg_nano.a(lib_a-init.o)
 .text          0x00000000        0x0 c:/program files (x86)/cypress/psoc creator/4.4/psoc creator/import/gnu/arm/5.4.1/bin/../lib/gcc/arm-none-eabi/5.4.1/../../../../arm-none-eabi/lib/armv6-m\libg_nano.a(lib_a-memset.o)
 .data          0x00000000        0x0 c:/program files (x86)/cypress/psoc creator/4.4/psoc creator/import/gnu/arm/5.4.1/bin/../lib/gcc/arm-none-eabi/5.4.1/../../../../arm-none-eabi/lib/armv6-m\libg_nano.a(lib_a-memset.o)
 .bss           0x00000000        0x0 c:/program files (x86)/cypress/psoc creator/4.4/psoc creator/import/gnu/arm/5.4.1/bin/../lib/gcc/arm-none-eabi/5.4.1/../../../../arm-none-eabi/lib/armv6-m\libg_nano.a(lib_a-memset.o)
 .text          0x00000000        0x0 c:/program files (x86)/cypress/psoc creator/4.4/psoc creator/import/gnu/arm/5.4.1/bin/../lib/gcc/arm-none-eabi/5.4.1/armv6-m/crtend.o
 .data          0x00000000        0x0 c:/program files (x86)/cypress/psoc creator/4.4/psoc creator/import/gnu/arm/5.4.1/bin/../lib/gcc/arm-none-eabi/5.4.1/armv6-m/crtend.o
 .bss           0x00000000        0x0 c:/program files (x86)/cypress/psoc creator/4.4/psoc creator/import/gnu/arm/5.4.1/bin/../lib/gcc/arm-none-eabi/5.4.1/armv6-m/crtend.o
 .text          0x00000000        0x0 c:/program files (x86)/cypress/psoc creator/4.4/psoc creator/import/gnu/arm/5.4.1/bin/../lib/gcc/arm-none-eabi/5.4.1/armv6-m/crtn.o
 .data          0x00000000        0x0 c:/program files (x86)/cypress/psoc creator/4.4/psoc creator/import/gnu/arm/5.4.1/bin/../lib/gcc/arm-none-eabi/5.4.1/armv6-m/crtn.o
 .bss           0x00000000        0x0 c:/program files (x86)/cypress/psoc creator/4.4/psoc creator/import/gnu/arm/5.4.1/bin/../lib/gcc/arm-none-eabi/5.4.1/armv6-m/crtn.o

Memory Configuration

Name             Origin             Length             Attributes
rom              0x00000000         0x00008000         xr
ram              0x20000000         0x00001000         xrw
*default*        0x00000000         0xffffffff

Linker script and memory map

LOAD c:/program files (x86)/cypress/psoc creator/4.4/psoc creator/import/gnu/arm/5.4.1/bin/../lib/gcc/arm-none-eabi/5.4.1/armv6-m/crti.o
LOAD c:/program files (x86)/cypress/psoc creator/4.4/psoc creator/import/gnu/arm/5.4.1/bin/../lib/gcc/arm-none-eabi/5.4.1/armv6-m/crtbegin.o
LOAD c:/program files (x86)/cypress/psoc creator/4.4/psoc creator/import/gnu/arm/5.4.1/bin/../lib/gcc/arm-none-eabi/5.4.1/../../../../arm-none-eabi/lib/armv6-m/crt0.o
START GROUP
LOAD .\CortexM0\ARM_GCC_541\Debug\main.o
LOAD .\CortexM0\ARM_GCC_541\Debug\cyfitter_cfg.o
LOAD .\CortexM0\ARM_GCC_541\Debug\cymetadata.o
LOAD .\CortexM0\ARM_GCC_541\Debug\Cm0Start.o
LOAD .\CortexM0\ARM_GCC_541\Debug\Kursova_7_Varik.a
END GROUP
START GROUP
LOAD c:/program files (x86)/cypress/psoc creator/4.4/psoc creator/import/gnu/arm/5.4.1/bin/../lib/gcc/arm-none-eabi/5.4.1/armv6-m\libgcc.a
LOAD c:/program files (x86)/cypress/psoc creator/4.4/psoc creator/import/gnu/arm/5.4.1/bin/../lib/gcc/arm-none-eabi/5.4.1/../../../../arm-none-eabi/lib/armv6-m\libg_nano.a
LOAD c:/program files (x86)/cypress/psoc creator/4.4/psoc creator/import/gnu/arm/5.4.1/bin/../lib/gcc/arm-none-eabi/5.4.1/../../../../arm-none-eabi/lib/armv6-m\libc_nano.a
END GROUP
START GROUP
LOAD c:/program files (x86)/cypress/psoc creator/4.4/psoc creator/import/gnu/arm/5.4.1/bin/../lib/gcc/arm-none-eabi/5.4.1/armv6-m\libgcc.a
LOAD c:/program files (x86)/cypress/psoc creator/4.4/psoc creator/import/gnu/arm/5.4.1/bin/../lib/gcc/arm-none-eabi/5.4.1/../../../../arm-none-eabi/lib/armv6-m\libc_nano.a
END GROUP
LOAD c:/program files (x86)/cypress/psoc creator/4.4/psoc creator/import/gnu/arm/5.4.1/bin/../lib/gcc/arm-none-eabi/5.4.1/armv6-m/crtend.o
LOAD c:/program files (x86)/cypress/psoc creator/4.4/psoc creator/import/gnu/arm/5.4.1/bin/../lib/gcc/arm-none-eabi/5.4.1/armv6-m/crtn.o
START GROUP
LOAD c:/program files (x86)/cypress/psoc creator/4.4/psoc creator/import/gnu/arm/5.4.1/bin/../lib/gcc/arm-none-eabi/5.4.1/armv6-m\libgcc.a
LOAD c:/program files (x86)/cypress/psoc creator/4.4/psoc creator/import/gnu/arm/5.4.1/bin/../lib/gcc/arm-none-eabi/5.4.1/../../../../arm-none-eabi/lib/armv6-m\libc.a
LOAD c:/program files (x86)/cypress/psoc creator/4.4/psoc creator/import/gnu/arm/5.4.1/bin/../lib/gcc/arm-none-eabi/5.4.1/../../../../arm-none-eabi/lib/armv6-m\libnosys.a
END GROUP
                0x00000000                CY_APPL_ORIGIN = 0x0
                0x00000080                CY_FLASH_ROW_SIZE = 0x80
                0x00000001                CY_APPL_NUM = 0x1
                0x00000001                CY_APPL_MAX = 0x1
                0x00000040                CY_METADATA_SIZE = 0x40
                0x00000000                CY_APPL_LOADABLE = 0x0
                0x00000000                CY_CHECKSUM_EXCLUDE_SIZE = ALIGN (0x0, CY_FLASH_ROW_SIZE)
                0x00000000                CY_APP_FOR_STACK_AND_COPIER = 0x0
                [!provide]                PROVIDE (__cy_heap_start, _end)
                0x00000001                PROVIDE (__cy_region_num, ((__cy_regions_end - __cy_regions) / 0x10))
                0x20001000                PROVIDE (__cy_stack, (ORIGIN (ram) + LENGTH (ram)))
                [!provide]                PROVIDE (__cy_heap_end, (__cy_stack - 0x400))

.cybootloader   0x00000000        0x0
 *(.cybootloader)
                0x00000000                appl1_start = CY_APPL_ORIGIN?CY_APPL_ORIGIN:ALIGN (CY_FLASH_ROW_SIZE)
                0x00003f80                appl2_start = (appl1_start + ALIGN ((((LENGTH (rom) - appl1_start) - (0x2 * CY_FLASH_ROW_SIZE)) / 0x2), CY_FLASH_ROW_SIZE))
                0x00000000                appl_start = (CY_APPL_NUM == 0x1)?appl1_start:appl2_start
                0x00000001                cy_project_type_bootloader = (appl_start == 0x0)?0x1:0x0
                0x00000000                cy_project_type_app_for_stack_and_copier = (CY_APP_FOR_STACK_AND_COPIER == 0x1)?0x1:0x0

.text           0x00000000      0xb64
 CREATE_OBJECT_SYMBOLS
                0x00000000                PROVIDE (__cy_interrupt_vector, RomVectors)
 *(.romvectors)
 .romvectors    0x00000000       0x10 .\CortexM0\ARM_GCC_541\Debug\Cm0Start.o
                0x00000000                RomVectors
                0x00000001                ASSERT ((. != __cy_interrupt_vector), No interrupt vector)
                0x00000001                ASSERT (CY_APPL_ORIGIN?(SIZEOF (.cybootloader) <= CY_APPL_ORIGIN):0x1, Wrong image location)
                0x00000010                PROVIDE (__cy_reset, Reset)
 *(.text.Reset)
 .text.Reset    0x00000010        0x8 .\CortexM0\ARM_GCC_541\Debug\Cm0Start.o
                0x00000010                Reset
                0x00000001                ASSERT ((. != __cy_reset), No reset code)
 *(.psocinit)
 .psocinit      0x00000018      0x168 .\CortexM0\ARM_GCC_541\Debug\cyfitter_cfg.o
                0x00000090                cyfitter_cfg
                0x00000180                . = MAX (., 0x100)
 *(.text .text.* .gnu.linkonce.t.*)
 .text          0x00000180       0x60 c:/program files (x86)/cypress/psoc creator/4.4/psoc creator/import/gnu/arm/5.4.1/bin/../lib/gcc/arm-none-eabi/5.4.1/armv6-m/crtbegin.o
 .text.Error_Return
                0x000001e0       0x48 .\CortexM0\ARM_GCC_541\Debug\main.o
                0x000001e0                Error_Return
 .text.ChannelController
                0x00000228       0xa4 .\CortexM0\ARM_GCC_541\Debug\main.o
                0x00000228                ChannelController
 .text.TimeSlotInterrupt
                0x000002cc       0x18 .\CortexM0\ARM_GCC_541\Debug\main.o
                0x000002cc                TimeSlotInterrupt
 .text.UpdateChannelDescriptor
                0x000002e4       0x4c .\CortexM0\ARM_GCC_541\Debug\main.o
                0x000002e4                UpdateChannelDescriptor
 .text.UartBufferParser
                0x00000330       0x64 .\CortexM0\ARM_GCC_541\Debug\main.o
                0x00000330                UartBufferParser
 .text.UartDataReader
                0x00000394       0x44 .\CortexM0\ARM_GCC_541\Debug\main.o
                0x00000394                UartDataReader
 .text.Init     0x000003d8       0x2c .\CortexM0\ARM_GCC_541\Debug\main.o
                0x000003d8                Init
 .text.main     0x00000404       0x20 .\CortexM0\ARM_GCC_541\Debug\main.o
                0x00000404                main
 .text.cfg_write_bytes32
                0x00000424       0x34 .\CortexM0\ARM_GCC_541\Debug\cyfitter_cfg.o
 .text.CYMEMZERO
                0x00000458        0xc .\CortexM0\ARM_GCC_541\Debug\cyfitter_cfg.o
 .text.IntDefaultHandler
                0x00000464       0x10 .\CortexM0\ARM_GCC_541\Debug\Cm0Start.o
                0x00000464                IntDefaultHandler
 .text.Start_c  0x00000474       0x48 .\CortexM0\ARM_GCC_541\Debug\Cm0Start.o
                0x00000474                Start_c
 .text.initialize_psoc
                0x000004bc       0x40 .\CortexM0\ARM_GCC_541\Debug\Cm0Start.o
                0x000004bc                initialize_psoc
 .text.Timer_1_Enable
                0x000004fc       0x14 .\CortexM0\ARM_GCC_541\Debug\Kursova_7_Varik.a(Timer_1.o)
                0x000004fc                Timer_1_Enable
 .text.Timer_1_SetInterruptMode
                0x00000510        0xc .\CortexM0\ARM_GCC_541\Debug\Kursova_7_Varik.a(Timer_1.o)
                0x00000510                Timer_1_SetInterruptMode
 .text.Timer_1_ReadStatusRegister
                0x0000051c        0xc .\CortexM0\ARM_GCC_541\Debug\Kursova_7_Varik.a(Timer_1.o)
                0x0000051c                Timer_1_ReadStatusRegister
 .text.Timer_1_WritePeriod
                0x00000528        0xc .\CortexM0\ARM_GCC_541\Debug\Kursova_7_Varik.a(Timer_1.o)
                0x00000528                Timer_1_WritePeriod
 .text.Timer_1_ReadCapture
                0x00000534        0xc .\CortexM0\ARM_GCC_541\Debug\Kursova_7_Varik.a(Timer_1.o)
                0x00000534                Timer_1_ReadCapture
 .text.Timer_1_WriteCounter
                0x00000540        0xc .\CortexM0\ARM_GCC_541\Debug\Kursova_7_Varik.a(Timer_1.o)
                0x00000540                Timer_1_WriteCounter
 .text.Timer_1_ClearFIFO
                0x0000054c       0x14 .\CortexM0\ARM_GCC_541\Debug\Kursova_7_Varik.a(Timer_1.o)
                0x0000054c                Timer_1_ClearFIFO
 .text.Timer_1_Init
                0x00000560       0x38 .\CortexM0\ARM_GCC_541\Debug\Kursova_7_Varik.a(Timer_1.o)
                0x00000560                Timer_1_Init
 .text.Timer_1_Start
                0x00000598       0x20 .\CortexM0\ARM_GCC_541\Debug\Kursova_7_Varik.a(Timer_1.o)
                0x00000598                Timer_1_Start
 .text.isr_1_SetVector
                0x000005b8        0xc .\CortexM0\ARM_GCC_541\Debug\Kursova_7_Varik.a(isr_1.o)
                0x000005b8                isr_1_SetVector
 .text.isr_1_SetPriority
                0x000005c4       0x20 .\CortexM0\ARM_GCC_541\Debug\Kursova_7_Varik.a(isr_1.o)
                0x000005c4                isr_1_SetPriority
 .text.isr_1_Enable
                0x000005e4        0xc .\CortexM0\ARM_GCC_541\Debug\Kursova_7_Varik.a(isr_1.o)
                0x000005e4                isr_1_Enable
 .text.isr_1_Disable
                0x000005f0        0xc .\CortexM0\ARM_GCC_541\Debug\Kursova_7_Varik.a(isr_1.o)
                0x000005f0                isr_1_Disable
 .text.isr_1_StartEx
                0x000005fc       0x1c .\CortexM0\ARM_GCC_541\Debug\Kursova_7_Varik.a(isr_1.o)
                0x000005fc                isr_1_StartEx
 .text.UART_1_ScbModePostEnable
                0x00000618        0x8 .\CortexM0\ARM_GCC_541\Debug\Kursova_7_Varik.a(UART_1.o)
 .text.UART_1_Init
                0x00000620        0x8 .\CortexM0\ARM_GCC_541\Debug\Kursova_7_Varik.a(UART_1.o)
                0x00000620                UART_1_Init
 .text.UART_1_Enable
                0x00000628       0x18 .\CortexM0\ARM_GCC_541\Debug\Kursova_7_Varik.a(UART_1.o)
                0x00000628                UART_1_Enable
 .text.UART_1_Start
                0x00000640       0x20 .\CortexM0\ARM_GCC_541\Debug\Kursova_7_Varik.a(UART_1.o)
                0x00000640                UART_1_Start
 .text.UART_1_SpiUartReadRxData
                0x00000660        0xc .\CortexM0\ARM_GCC_541\Debug\Kursova_7_Varik.a(UART_1_SPI_UART.o)
                0x00000660                UART_1_SpiUartReadRxData
 .text.UART_1_SpiUartGetRxBufferSize
                0x0000066c       0x10 .\CortexM0\ARM_GCC_541\Debug\Kursova_7_Varik.a(UART_1_SPI_UART.o)
                0x0000066c                UART_1_SpiUartGetRxBufferSize
 .text.UART_1_SpiUartWriteTxData
                0x0000067c       0x1c .\CortexM0\ARM_GCC_541\Debug\Kursova_7_Varik.a(UART_1_SPI_UART.o)
                0x0000067c                UART_1_SpiUartWriteTxData
 .text.UART_1_UartInit
                0x00000698       0x9c .\CortexM0\ARM_GCC_541\Debug\Kursova_7_Varik.a(UART_1_UART.o)
                0x00000698                UART_1_UartInit
 .text.UART_1_UartPostEnable
                0x00000734       0x2c .\CortexM0\ARM_GCC_541\Debug\Kursova_7_Varik.a(UART_1_UART.o)
                0x00000734                UART_1_UartPostEnable
 .text.UART_1_UartGetChar
                0x00000760       0x2c .\CortexM0\ARM_GCC_541\Debug\Kursova_7_Varik.a(UART_1_UART.o)
                0x00000760                UART_1_UartGetChar
 .text.BLUE_Write
                0x0000078c       0x18 .\CortexM0\ARM_GCC_541\Debug\Kursova_7_Varik.a(BLUE.o)
                0x0000078c                BLUE_Write
 .text.GREEN_Write
                0x000007a4       0x18 .\CortexM0\ARM_GCC_541\Debug\Kursova_7_Varik.a(GREEN.o)
                0x000007a4                GREEN_Write
 .text.RED_Write
                0x000007bc       0x18 .\CortexM0\ARM_GCC_541\Debug\Kursova_7_Varik.a(RED.o)
                0x000007bc                RED_Write
 .text.CyIntEnable
                0x000007d4       0x14 .\CortexM0\ARM_GCC_541\Debug\Kursova_7_Varik.a(CyLib.o)
                0x000007d4                CyIntEnable
 .text.CyHalt   0x000007e8        0x4 .\CortexM0\ARM_GCC_541\Debug\Kursova_7_Varik.a(CyLib.o)
                0x000007e8                CyHalt
 .text.CyIntSetVector
                0x000007ec       0x24 .\CortexM0\ARM_GCC_541\Debug\Kursova_7_Varik.a(CyLib.o)
                0x000007ec                CyIntSetVector
 .text.CyDelayUs
                0x00000810       0x14 .\CortexM0\ARM_GCC_541\Debug\Kursova_7_Varik.a(CyLib.o)
                0x00000810                CyDelayUs
 .text.CySysClkWriteImoFreq
                0x00000824      0x164 .\CortexM0\ARM_GCC_541\Debug\Kursova_7_Varik.a(CyLib.o)
                0x00000824                CySysClkWriteImoFreq
 .text.CySysWdtLocked
                0x00000988       0x14 .\CortexM0\ARM_GCC_541\Debug\Kursova_7_Varik.a(CyLFClk.o)
 .text.CySysWdtLock
                0x0000099c       0x1c .\CortexM0\ARM_GCC_541\Debug\Kursova_7_Varik.a(CyLFClk.o)
                0x0000099c                CySysWdtLock
 .text.CySysWdtUnlock
                0x000009b8       0x30 .\CortexM0\ARM_GCC_541\Debug\Kursova_7_Varik.a(CyLFClk.o)
                0x000009b8                CySysWdtUnlock
 .text.CySysWdtClearInterrupt
                0x000009e8       0x4c .\CortexM0\ARM_GCC_541\Debug\Kursova_7_Varik.a(CyLFClk.o)
                0x000009e8                CySysWdtClearInterrupt
 .text.CySysWdtIsr
                0x00000a34       0xa4 .\CortexM0\ARM_GCC_541\Debug\Kursova_7_Varik.a(CyLFClk.o)
                0x00000a34                CySysWdtIsr
 .text          0x00000ad8       0x24 .\CortexM0\ARM_GCC_541\Debug\Kursova_7_Varik.a(CyBootAsmGnu.o)
                0x00000ad8                CyDelayCycles
                0x00000aec                CyEnterCriticalSection
                0x00000af4                CyExitCriticalSection
 .text.__errno  0x00000afc        0xc c:/program files (x86)/cypress/psoc creator/4.4/psoc creator/import/gnu/arm/5.4.1/bin/../lib/gcc/arm-none-eabi/5.4.1/../../../../arm-none-eabi/lib/armv6-m\libg_nano.a(lib_a-errno.o)
                0x00000afc                __errno
 .text.__libc_init_array
                0x00000b08       0x4c c:/program files (x86)/cypress/psoc creator/4.4/psoc creator/import/gnu/arm/5.4.1/bin/../lib/gcc/arm-none-eabi/5.4.1/../../../../arm-none-eabi/lib/armv6-m\libg_nano.a(lib_a-init.o)
                0x00000b08                __libc_init_array
 .text.memset   0x00000b54       0x10 c:/program files (x86)/cypress/psoc creator/4.4/psoc creator/import/gnu/arm/5.4.1/bin/../lib/gcc/arm-none-eabi/5.4.1/../../../../arm-none-eabi/lib/armv6-m\libg_nano.a(lib_a-memset.o)
                0x00000b54                memset
 *(.plt)
 *(.gnu.warning)
 *(.glue_7t)
 .glue_7t       0x00000b64        0x0 linker stubs
 *(.glue_7)
 .glue_7        0x00000b64        0x0 linker stubs
 *(.vfp11_veneer)
 .vfp11_veneer  0x00000b64        0x0 linker stubs
 *(.bootloader)
 *(.ARM.extab* .gnu.linkonce.armextab.*)
 *(.gcc_except_table)

.v4_bx          0x00000b64        0x0
 .v4_bx         0x00000b64        0x0 linker stubs

.iplt           0x00000b64        0x0
 .iplt          0x00000b64        0x0 c:/program files (x86)/cypress/psoc creator/4.4/psoc creator/import/gnu/arm/5.4.1/bin/../lib/gcc/arm-none-eabi/5.4.1/armv6-m/crtbegin.o

.eh_frame_hdr
 *(.eh_frame_hdr)

.eh_frame       0x00000b64        0x4
 *(.eh_frame)
 .eh_frame      0x00000b64        0x0 c:/program files (x86)/cypress/psoc creator/4.4/psoc creator/import/gnu/arm/5.4.1/bin/../lib/gcc/arm-none-eabi/5.4.1/armv6-m/crtbegin.o
 .eh_frame      0x00000b64        0x4 c:/program files (x86)/cypress/psoc creator/4.4/psoc creator/import/gnu/arm/5.4.1/bin/../lib/gcc/arm-none-eabi/5.4.1/armv6-m/crtend.o
                [!provide]                PROVIDE (__exidx_start, .)

.ARM.exidx
 *(.ARM.exidx* .gnu.linkonce.armexidx.*)
                0x00000b68                __exidx_end = .

.rodata         0x00000b68      0x158
 *(.rodata .rodata.* .gnu.linkonce.r.*)
 .rodata        0x00000b68       0xf4 .\CortexM0\ARM_GCC_541\Debug\cyfitter_cfg.o
 .rodata        0x00000c5c       0x2e .\CortexM0\ARM_GCC_541\Debug\Kursova_7_Varik.a(CyLib.o)
                0x00000c5c                cyImoFreqMhz2Reg
 .rodata.str1.1
                0x00000c8a        0x2 c:/program files (x86)/cypress/psoc creator/4.4/psoc creator/import/gnu/arm/5.4.1/bin/../lib/gcc/arm-none-eabi/5.4.1/../../../../arm-none-eabi/lib/armv6-m\libg_nano.a(lib_a-impure.o)
                0x00000c8c                . = ALIGN (0x4)
 *(.init)
 .init          0x00000c8c        0x4 c:/program files (x86)/cypress/psoc creator/4.4/psoc creator/import/gnu/arm/5.4.1/bin/../lib/gcc/arm-none-eabi/5.4.1/armv6-m/crti.o
                0x00000c8c                _init
 .init          0x00000c90        0x8 c:/program files (x86)/cypress/psoc creator/4.4/psoc creator/import/gnu/arm/5.4.1/bin/../lib/gcc/arm-none-eabi/5.4.1/armv6-m/crtn.o
                0x00000c98                . = ALIGN (0x4)
                0x00000c98                __preinit_array_start = .
 *(.preinit_array)
                0x00000c98                __preinit_array_end = .
                0x00000c98                . = ALIGN (0x4)
                0x00000c98                __init_array_start = .
 *(SORT(.init_array.*))
 *(.init_array)
 .init_array    0x00000c98        0x4 c:/program files (x86)/cypress/psoc creator/4.4/psoc creator/import/gnu/arm/5.4.1/bin/../lib/gcc/arm-none-eabi/5.4.1/armv6-m/crtbegin.o
 .init_array    0x00000c9c        0x4 .\CortexM0\ARM_GCC_541\Debug\Cm0Start.o
                0x00000ca0                __init_array_end = .
                0x00000ca0                . = ALIGN (0x4)
 *(.fini)
 .fini          0x00000ca0        0x4 c:/program files (x86)/cypress/psoc creator/4.4/psoc creator/import/gnu/arm/5.4.1/bin/../lib/gcc/arm-none-eabi/5.4.1/armv6-m/crti.o
                0x00000ca0                _fini
 .fini          0x00000ca4        0x8 c:/program files (x86)/cypress/psoc creator/4.4/psoc creator/import/gnu/arm/5.4.1/bin/../lib/gcc/arm-none-eabi/5.4.1/armv6-m/crtn.o
                0x00000cac                . = ALIGN (0x4)
                0x00000cac                __fini_array_start = .
 *(.fini_array)
 .fini_array    0x00000cac        0x4 c:/program files (x86)/cypress/psoc creator/4.4/psoc creator/import/gnu/arm/5.4.1/bin/../lib/gcc/arm-none-eabi/5.4.1/armv6-m/crtbegin.o
 *(SORT(.fini_array.*))
                0x00000cb0                __fini_array_end = .
                0x00000cb0                . = ALIGN (0x4)
 *crtbegin.o(.ctors)
 *(EXCLUDE_FILE(*crtend.o) .ctors)
 *(SORT(.ctors.*))
 *crtend.o(.ctors)
                0x00000cb0                . = ALIGN (0x4)
 *crtbegin.o(.dtors)
 *(EXCLUDE_FILE(*crtend.o) .dtors)
 *(SORT(.dtors.*))
 *crtend.o(.dtors)
                0x00000cb0                . = ALIGN (0x4)
                0x00000cb0                __cy_regions = .
                0x00000cb0        0x4 LONG 0xcc0 __cy_region_init_ram
                0x00000cb4        0x4 LONG 0x200000c0 __cy_region_start_data
                0x00000cb8        0x4 LONG 0x80 __cy_region_init_size_ram
                0x00000cbc        0x4 LONG 0x68 __cy_region_zero_size_ram
                0x00000cc0                __cy_regions_end = .
                0x00000cc0                . = ALIGN (0x8)
                0x00000cc0                _etext = .

.cy_checksum_exclude
                0x00000cc0        0x0
 *(.cy_checksum_exclude)

.ramvectors     0x20000000       0xc0
                0x20000000                __cy_region_start_ram = .
 *(.ramvectors)
 .ramvectors    0x20000000       0xc0 .\CortexM0\ARM_GCC_541\Debug\Cm0Start.o
                0x20000000                CyRamVectors

.noinit
 *(.noinit)

.data           0x200000c0       0x80 load address 0x00000cc0
                0x200000c0                __cy_region_start_data = .
 *(.jcr)
 .jcr           0x200000c0        0x0 c:/program files (x86)/cypress/psoc creator/4.4/psoc creator/import/gnu/arm/5.4.1/bin/../lib/gcc/arm-none-eabi/5.4.1/armv6-m/crtbegin.o
 .jcr           0x200000c0        0x4 c:/program files (x86)/cypress/psoc creator/4.4/psoc creator/import/gnu/arm/5.4.1/bin/../lib/gcc/arm-none-eabi/5.4.1/armv6-m/crtend.o
 *(.got.plt)
 *(.got)
 *(.shdata)
 *(.data .data.* .gnu.linkonce.d.*)
 .data          0x200000c4       0x14 .\CortexM0\ARM_GCC_541\Debug\Kursova_7_Varik.a(CyLib.o)
                0x200000c4                CySysClkPumpConfig
                0x200000c8                cydelay32kMs
                0x200000cc                cydelayFreqKhz
                0x200000d0                cydelayFreqMhz
                0x200000d4                cydelayFreqHz
 .data          0x200000d8        0x4 .\CortexM0\ARM_GCC_541\Debug\Kursova_7_Varik.a(CyLFClk.o)
 .data.impure_data
                0x200000dc       0x60 c:/program files (x86)/cypress/psoc creator/4.4/psoc creator/import/gnu/arm/5.4.1/bin/../lib/gcc/arm-none-eabi/5.4.1/../../../../arm-none-eabi/lib/armv6-m\libg_nano.a(lib_a-impure.o)
 .data._impure_ptr
                0x2000013c        0x4 c:/program files (x86)/cypress/psoc creator/4.4/psoc creator/import/gnu/arm/5.4.1/bin/../lib/gcc/arm-none-eabi/5.4.1/../../../../arm-none-eabi/lib/armv6-m\libg_nano.a(lib_a-impure.o)
                0x2000013c                _impure_ptr
                0x20000140                . = ALIGN (0x8)
 *(.ram)
                0x20000140                _edata = .

.igot.plt       0x20000140        0x0 load address 0x00000d40
 .igot.plt      0x20000140        0x0 c:/program files (x86)/cypress/psoc creator/4.4/psoc creator/import/gnu/arm/5.4.1/bin/../lib/gcc/arm-none-eabi/5.4.1/armv6-m/crtbegin.o

.bss            0x20000140       0x68 load address 0x00000d40
                0x20000140                PROVIDE (__bss_start__, .)
 *(.shbss)
 *(.bss .bss.* .gnu.linkonce.b.*)
 .bss           0x20000140       0x1c c:/program files (x86)/cypress/psoc creator/4.4/psoc creator/import/gnu/arm/5.4.1/bin/../lib/gcc/arm-none-eabi/5.4.1/armv6-m/crtbegin.o
 .bss           0x2000015c        0x1 .\CortexM0\ARM_GCC_541\Debug\Kursova_7_Varik.a(Timer_1.o)
                0x2000015c                Timer_1_initVar
 *fill*         0x2000015d        0x1 
 .bss           0x2000015e        0x4 .\CortexM0\ARM_GCC_541\Debug\Kursova_7_Varik.a(UART_1.o)
                0x2000015e                UART_1_initVar
                0x20000160                UART_1_IntrTxMask
 *fill*         0x20000162        0x2 
 .bss           0x20000164       0x20 .\CortexM0\ARM_GCC_541\Debug\Kursova_7_Varik.a(CyLFClk.o)
 *(COMMON)
 COMMON         0x20000184       0x20 .\CortexM0\ARM_GCC_541\Debug\main.o
                0x20000184                ChannelDescriptorsArray
                0x2000019c                UartBuffer
                0x200001a3                UartBufferIdx
                0x200001a8                . = ALIGN (0x8)
 *fill*         0x200001a4        0x4 
 *(.ram.b)
                0x200001a8                _end = .
                0x200001a8                __end = .
                0x200001a8                PROVIDE (end, .)
                0x200001a8                PROVIDE (__bss_end__, .)
                0x00000cc0                __cy_region_init_ram = LOADADDR (.data)
                0x00000080                __cy_region_init_size_ram = (_edata - ADDR (.data))
                0x00000068                __cy_region_zero_size_ram = (_end - _edata)

.heap           0x200001a8       0x80 load address 0x00000d40
                0x200001a8                . = _end
                0x20000228                . = (. + 0x80)
 *fill*         0x200001a8       0x80 
                0x20000228                __cy_heap_limit = .

.stack          0x20000c00      0x400
                0x20000c00                __cy_stack_limit = .
                0x20001000                . = (. + 0x400)
 *fill*         0x20000c00      0x400 
                0x00000001                ASSERT ((__cy_stack_limit >= __cy_heap_limit), region RAM overflowed with stack)
                0x00000000                cy_checksum_exclude_size = (CY_APPL_LOADABLE == 0x1)?SIZEOF (.cy_checksum_exclude):0x0
                0x00000001                ASSERT ((cy_checksum_exclude_size <= CY_CHECKSUM_EXCLUDE_SIZE), CY_BOOT: Section .cy_checksum_exclude size exceedes specified limit.)
                0x00007fc0                cyloadermeta_start = (cy_project_type_bootloader || cy_project_type_app_for_stack_and_copier)?(LENGTH (rom) - CY_METADATA_SIZE):0xf0000000

.cyloadermeta
 *(.cyloadermeta)
                0x00007fc0                cyloadablemeta_start = cy_project_type_app_for_stack_and_copier?((LENGTH (rom) - CY_FLASH_ROW_SIZE) - CY_METADATA_SIZE):((LENGTH (rom) - (CY_FLASH_ROW_SIZE * (CY_APPL_NUM - 0x1))) - CY_METADATA_SIZE)

.cyloadablemeta
 *(.cyloadablemeta)

.cyflashprotect
                0x90400000       0x20
 *(.cyflashprotect)
 .cyflashprotect
                0x90400000       0x20 .\CortexM0\ARM_GCC_541\Debug\cymetadata.o
                0x90400000                cy_meta_flashprotect

.cymeta         0x90500000        0xc
 *(.cymeta)
 .cymeta        0x90500000        0xc .\CortexM0\ARM_GCC_541\Debug\cymetadata.o
                0x90500000                cy_metadata

.cychipprotect  0x90600000        0x1
 *(.cychipprotect)
 .cychipprotect
                0x90600000        0x1 .\CortexM0\ARM_GCC_541\Debug\cymetadata.o
                0x90600000                cy_meta_chipprotect

.rel.dyn        0x00000d40        0x0 load address 0x90600004
 .rel.iplt      0x00000d40        0x0 c:/program files (x86)/cypress/psoc creator/4.4/psoc creator/import/gnu/arm/5.4.1/bin/../lib/gcc/arm-none-eabi/5.4.1/armv6-m/crtbegin.o

.stab
 *(.stab)

.stabstr
 *(.stabstr)

.debug
 *(.debug)

.line
 *(.line)

.debug_srcinfo
 *(.debug_srcinfo)

.debug_sfnames
 *(.debug_sfnames)

.debug_aranges  0x00000000      0x6d8
 *(.debug_aranges)
 .debug_aranges
                0x00000000       0x58 .\CortexM0\ARM_GCC_541\Debug\main.o
 .debug_aranges
                0x00000058       0x38 .\CortexM0\ARM_GCC_541\Debug\cyfitter_cfg.o
 .debug_aranges
                0x00000090       0x18 .\CortexM0\ARM_GCC_541\Debug\cymetadata.o
 .debug_aranges
                0x000000a8       0x48 .\CortexM0\ARM_GCC_541\Debug\Cm0Start.o
 .debug_aranges
                0x000000f0       0x90 .\CortexM0\ARM_GCC_541\Debug\Kursova_7_Varik.a(Timer_1.o)
 .debug_aranges
                0x00000180       0x80 .\CortexM0\ARM_GCC_541\Debug\Kursova_7_Varik.a(isr_1.o)
 .debug_aranges
                0x00000200       0x60 .\CortexM0\ARM_GCC_541\Debug\Kursova_7_Varik.a(UART_1.o)
 .debug_aranges
                0x00000260       0x60 .\CortexM0\ARM_GCC_541\Debug\Kursova_7_Varik.a(UART_1_SPI_UART.o)
 .debug_aranges
                0x000002c0       0x68 .\CortexM0\ARM_GCC_541\Debug\Kursova_7_Varik.a(UART_1_UART.o)
 .debug_aranges
                0x00000328       0x48 .\CortexM0\ARM_GCC_541\Debug\Kursova_7_Varik.a(BLUE.o)
 .debug_aranges
                0x00000370       0x48 .\CortexM0\ARM_GCC_541\Debug\Kursova_7_Varik.a(GREEN.o)
 .debug_aranges
                0x000003b8       0x48 .\CortexM0\ARM_GCC_541\Debug\Kursova_7_Varik.a(RED.o)
 .debug_aranges
                0x00000400      0x180 .\CortexM0\ARM_GCC_541\Debug\Kursova_7_Varik.a(CyLib.o)
 .debug_aranges
                0x00000580      0x138 .\CortexM0\ARM_GCC_541\Debug\Kursova_7_Varik.a(CyLFClk.o)
 .debug_aranges
                0x000006b8       0x20 .\CortexM0\ARM_GCC_541\Debug\Kursova_7_Varik.a(CyBootAsmGnu.o)

.debug_pubnames
 *(.debug_pubnames)

.debug_info     0x00000000     0x3800
 *(.debug_info .gnu.linkonce.wi.*)
 .debug_info    0x00000000      0x503 .\CortexM0\ARM_GCC_541\Debug\main.o
 .debug_info    0x00000503      0x3a0 .\CortexM0\ARM_GCC_541\Debug\cyfitter_cfg.o
 .debug_info    0x000008a3       0xf8 .\CortexM0\ARM_GCC_541\Debug\cymetadata.o
 .debug_info    0x0000099b      0x3a2 .\CortexM0\ARM_GCC_541\Debug\Cm0Start.o
 .debug_info    0x00000d3d      0x2ee .\CortexM0\ARM_GCC_541\Debug\Kursova_7_Varik.a(Timer_1.o)
 .debug_info    0x0000102b      0x305 .\CortexM0\ARM_GCC_541\Debug\Kursova_7_Varik.a(isr_1.o)
 .debug_info    0x00001330      0x24c .\CortexM0\ARM_GCC_541\Debug\Kursova_7_Varik.a(UART_1.o)
 .debug_info    0x0000157c      0x220 .\CortexM0\ARM_GCC_541\Debug\Kursova_7_Varik.a(UART_1_SPI_UART.o)
 .debug_info    0x0000179c      0x310 .\CortexM0\ARM_GCC_541\Debug\Kursova_7_Varik.a(UART_1_UART.o)
 .debug_info    0x00001aac      0x19d .\CortexM0\ARM_GCC_541\Debug\Kursova_7_Varik.a(BLUE.o)
 .debug_info    0x00001c49      0x19d .\CortexM0\ARM_GCC_541\Debug\Kursova_7_Varik.a(GREEN.o)
 .debug_info    0x00001de6      0x19d .\CortexM0\ARM_GCC_541\Debug\Kursova_7_Varik.a(RED.o)
 .debug_info    0x00001f83      0xaed .\CortexM0\ARM_GCC_541\Debug\Kursova_7_Varik.a(CyLib.o)
 .debug_info    0x00002a70      0xcfe .\CortexM0\ARM_GCC_541\Debug\Kursova_7_Varik.a(CyLFClk.o)
 .debug_info    0x0000376e       0x92 .\CortexM0\ARM_GCC_541\Debug\Kursova_7_Varik.a(CyBootAsmGnu.o)

.debug_abbrev   0x00000000     0x11a7
 *(.debug_abbrev)
 .debug_abbrev  0x00000000      0x167 .\CortexM0\ARM_GCC_541\Debug\main.o
 .debug_abbrev  0x00000167      0x199 .\CortexM0\ARM_GCC_541\Debug\cyfitter_cfg.o
 .debug_abbrev  0x00000300       0x5d .\CortexM0\ARM_GCC_541\Debug\cymetadata.o
 .debug_abbrev  0x0000035d      0x1d7 .\CortexM0\ARM_GCC_541\Debug\Cm0Start.o
 .debug_abbrev  0x00000534      0x12b .\CortexM0\ARM_GCC_541\Debug\Kursova_7_Varik.a(Timer_1.o)
 .debug_abbrev  0x0000065f      0x19a .\CortexM0\ARM_GCC_541\Debug\Kursova_7_Varik.a(isr_1.o)
 .debug_abbrev  0x000007f9       0xed .\CortexM0\ARM_GCC_541\Debug\Kursova_7_Varik.a(UART_1.o)
 .debug_abbrev  0x000008e6      0x14f .\CortexM0\ARM_GCC_541\Debug\Kursova_7_Varik.a(UART_1_SPI_UART.o)
 .debug_abbrev  0x00000a35      0x123 .\CortexM0\ARM_GCC_541\Debug\Kursova_7_Varik.a(UART_1_UART.o)
 .debug_abbrev  0x00000b58       0xc8 .\CortexM0\ARM_GCC_541\Debug\Kursova_7_Varik.a(BLUE.o)
 .debug_abbrev  0x00000c20       0xc8 .\CortexM0\ARM_GCC_541\Debug\Kursova_7_Varik.a(GREEN.o)
 .debug_abbrev  0x00000ce8       0xc8 .\CortexM0\ARM_GCC_541\Debug\Kursova_7_Varik.a(RED.o)
 .debug_abbrev  0x00000db0      0x1d3 .\CortexM0\ARM_GCC_541\Debug\Kursova_7_Varik.a(CyLib.o)
 .debug_abbrev  0x00000f83      0x210 .\CortexM0\ARM_GCC_541\Debug\Kursova_7_Varik.a(CyLFClk.o)
 .debug_abbrev  0x00001193       0x14 .\CortexM0\ARM_GCC_541\Debug\Kursova_7_Varik.a(CyBootAsmGnu.o)

.debug_line     0x00000000     0x186b
 *(.debug_line)
 .debug_line    0x00000000      0x1ad .\CortexM0\ARM_GCC_541\Debug\main.o
 .debug_line    0x000001ad      0x163 .\CortexM0\ARM_GCC_541\Debug\cyfitter_cfg.o
 .debug_line    0x00000310      0x141 .\CortexM0\ARM_GCC_541\Debug\cymetadata.o
 .debug_line    0x00000451      0x235 .\CortexM0\ARM_GCC_541\Debug\Cm0Start.o
 .debug_line    0x00000686      0x17b .\CortexM0\ARM_GCC_541\Debug\Kursova_7_Varik.a(Timer_1.o)
 .debug_line    0x00000801      0x14d .\CortexM0\ARM_GCC_541\Debug\Kursova_7_Varik.a(isr_1.o)
 .debug_line    0x0000094e      0x12b .\CortexM0\ARM_GCC_541\Debug\Kursova_7_Varik.a(UART_1.o)
 .debug_line    0x00000a79      0x11c .\CortexM0\ARM_GCC_541\Debug\Kursova_7_Varik.a(UART_1_SPI_UART.o)
 .debug_line    0x00000b95      0x173 .\CortexM0\ARM_GCC_541\Debug\Kursova_7_Varik.a(UART_1_UART.o)
 .debug_line    0x00000d08       0xbc .\CortexM0\ARM_GCC_541\Debug\Kursova_7_Varik.a(BLUE.o)
 .debug_line    0x00000dc4       0xbd .\CortexM0\ARM_GCC_541\Debug\Kursova_7_Varik.a(GREEN.o)
 .debug_line    0x00000e81       0xbb .\CortexM0\ARM_GCC_541\Debug\Kursova_7_Varik.a(RED.o)
 .debug_line    0x00000f3c      0x460 .\CortexM0\ARM_GCC_541\Debug\Kursova_7_Varik.a(CyLib.o)
 .debug_line    0x0000139c      0x466 .\CortexM0\ARM_GCC_541\Debug\Kursova_7_Varik.a(CyLFClk.o)
 .debug_line    0x00001802       0x69 .\CortexM0\ARM_GCC_541\Debug\Kursova_7_Varik.a(CyBootAsmGnu.o)

.debug_frame    0x00000000     0x1094
 *(.debug_frame)
 .debug_frame   0x00000000      0x100 .\CortexM0\ARM_GCC_541\Debug\main.o
 .debug_frame   0x00000100       0x8c .\CortexM0\ARM_GCC_541\Debug\cyfitter_cfg.o
 .debug_frame   0x0000018c       0xbc .\CortexM0\ARM_GCC_541\Debug\Cm0Start.o
 .debug_frame   0x00000248      0x124 .\CortexM0\ARM_GCC_541\Debug\Kursova_7_Varik.a(Timer_1.o)
 .debug_frame   0x0000036c      0x110 .\CortexM0\ARM_GCC_541\Debug\Kursova_7_Varik.a(isr_1.o)
 .debug_frame   0x0000047c       0xe8 .\CortexM0\ARM_GCC_541\Debug\Kursova_7_Varik.a(UART_1.o)
 .debug_frame   0x00000564       0xb0 .\CortexM0\ARM_GCC_541\Debug\Kursova_7_Varik.a(UART_1_SPI_UART.o)
 .debug_frame   0x00000614       0xf4 .\CortexM0\ARM_GCC_541\Debug\Kursova_7_Varik.a(UART_1_UART.o)
 .debug_frame   0x00000708       0x70 .\CortexM0\ARM_GCC_541\Debug\Kursova_7_Varik.a(BLUE.o)
 .debug_frame   0x00000778       0x70 .\CortexM0\ARM_GCC_541\Debug\Kursova_7_Varik.a(GREEN.o)
 .debug_frame   0x000007e8       0x70 .\CortexM0\ARM_GCC_541\Debug\Kursova_7_Varik.a(RED.o)
 .debug_frame   0x00000858      0x3e0 .\CortexM0\ARM_GCC_541\Debug\Kursova_7_Varik.a(CyLib.o)
 .debug_frame   0x00000c38      0x3a8 .\CortexM0\ARM_GCC_541\Debug\Kursova_7_Varik.a(CyLFClk.o)
 .debug_frame   0x00000fe0       0x20 c:/program files (x86)/cypress/psoc creator/4.4/psoc creator/import/gnu/arm/5.4.1/bin/../lib/gcc/arm-none-eabi/5.4.1/armv6-m\libgcc.a(_udivsi3.o)
 .debug_frame   0x00001000       0x20 c:/program files (x86)/cypress/psoc creator/4.4/psoc creator/import/gnu/arm/5.4.1/bin/../lib/gcc/arm-none-eabi/5.4.1/../../../../arm-none-eabi/lib/armv6-m\libg_nano.a(lib_a-errno.o)
 .debug_frame   0x00001020       0x28 c:/program files (x86)/cypress/psoc creator/4.4/psoc creator/import/gnu/arm/5.4.1/bin/../lib/gcc/arm-none-eabi/5.4.1/../../../../arm-none-eabi/lib/armv6-m\libg_nano.a(lib_a-exit.o)
 .debug_frame   0x00001048       0x2c c:/program files (x86)/cypress/psoc creator/4.4/psoc creator/import/gnu/arm/5.4.1/bin/../lib/gcc/arm-none-eabi/5.4.1/../../../../arm-none-eabi/lib/armv6-m\libg_nano.a(lib_a-init.o)
 .debug_frame   0x00001074       0x20 c:/program files (x86)/cypress/psoc creator/4.4/psoc creator/import/gnu/arm/5.4.1/bin/../lib/gcc/arm-none-eabi/5.4.1/../../../../arm-none-eabi/lib/armv6-m\libg_nano.a(lib_a-memset.o)

.debug_str      0x00000000     0x1726
 *(.debug_str)
 .debug_str     0x00000000      0x315 .\CortexM0\ARM_GCC_541\Debug\main.o
                                0x368 (size before relaxing)
 .debug_str     0x00000315      0x11a .\CortexM0\ARM_GCC_541\Debug\cyfitter_cfg.o
                                0x2c7 (size before relaxing)
 .debug_str     0x0000042f       0x63 .\CortexM0\ARM_GCC_541\Debug\cymetadata.o
                                0x1ca (size before relaxing)
 .debug_str     0x00000492      0x13a .\CortexM0\ARM_GCC_541\Debug\Cm0Start.o
                                0x303 (size before relaxing)
 .debug_str     0x000005cc      0x1c4 .\CortexM0\ARM_GCC_541\Debug\Kursova_7_Varik.a(Timer_1.o)
                                0x361 (size before relaxing)
 .debug_str     0x00000790       0xf0 .\CortexM0\ARM_GCC_541\Debug\Kursova_7_Varik.a(isr_1.o)
                                0x2ec (size before relaxing)
 .debug_str     0x00000880      0x12f .\CortexM0\ARM_GCC_541\Debug\Kursova_7_Varik.a(UART_1.o)
                                0x2d3 (size before relaxing)
 .debug_str     0x000009af      0x12f .\CortexM0\ARM_GCC_541\Debug\Kursova_7_Varik.a(UART_1_SPI_UART.o)
                                0x2e4 (size before relaxing)
 .debug_str     0x00000ade      0x110 .\CortexM0\ARM_GCC_541\Debug\Kursova_7_Varik.a(UART_1_UART.o)
                                0x35c (size before relaxing)
 .debug_str     0x00000bee       0x9e .\CortexM0\ARM_GCC_541\Debug\Kursova_7_Varik.a(BLUE.o)
                                0x231 (size before relaxing)
 .debug_str     0x00000c8c       0x7b .\CortexM0\ARM_GCC_541\Debug\Kursova_7_Varik.a(GREEN.o)
                                0x238 (size before relaxing)
 .debug_str     0x00000d07       0x6f .\CortexM0\ARM_GCC_541\Debug\Kursova_7_Varik.a(RED.o)
                                0x22a (size before relaxing)
 .debug_str     0x00000d76      0x485 .\CortexM0\ARM_GCC_541\Debug\Kursova_7_Varik.a(CyLib.o)
                                0x6b8 (size before relaxing)
 .debug_str     0x000011fb      0x52b .\CortexM0\ARM_GCC_541\Debug\Kursova_7_Varik.a(CyLFClk.o)
                                0x73f (size before relaxing)

.debug_loc      0x00000000     0x1987
 *(.debug_loc)
 .debug_loc     0x00000000      0x25f .\CortexM0\ARM_GCC_541\Debug\main.o
 .debug_loc     0x0000025f      0x118 .\CortexM0\ARM_GCC_541\Debug\cyfitter_cfg.o
 .debug_loc     0x00000377      0x14f .\CortexM0\ARM_GCC_541\Debug\Cm0Start.o
 .debug_loc     0x000004c6       0x13 .\CortexM0\ARM_GCC_541\Debug\Kursova_7_Varik.a(Timer_1.o)
 .debug_loc     0x000004d9       0x82 .\CortexM0\ARM_GCC_541\Debug\Kursova_7_Varik.a(isr_1.o)
 .debug_loc     0x0000055b       0x7e .\CortexM0\ARM_GCC_541\Debug\Kursova_7_Varik.a(UART_1.o)
 .debug_loc     0x000005d9       0x96 .\CortexM0\ARM_GCC_541\Debug\Kursova_7_Varik.a(UART_1_SPI_UART.o)
 .debug_loc     0x0000066f      0x1e4 .\CortexM0\ARM_GCC_541\Debug\Kursova_7_Varik.a(UART_1_UART.o)
 .debug_loc     0x00000853       0xa2 .\CortexM0\ARM_GCC_541\Debug\Kursova_7_Varik.a(BLUE.o)
 .debug_loc     0x000008f5       0xa2 .\CortexM0\ARM_GCC_541\Debug\Kursova_7_Varik.a(GREEN.o)
 .debug_loc     0x00000997       0xa2 .\CortexM0\ARM_GCC_541\Debug\Kursova_7_Varik.a(RED.o)
 .debug_loc     0x00000a39      0x599 .\CortexM0\ARM_GCC_541\Debug\Kursova_7_Varik.a(CyLib.o)
 .debug_loc     0x00000fd2      0x9b5 .\CortexM0\ARM_GCC_541\Debug\Kursova_7_Varik.a(CyLFClk.o)

.debug_macinfo
 *(.debug_macinfo)

.debug_ranges   0x00000000      0x5d0
 *(.debug_ranges)
 .debug_ranges  0x00000000       0x48 .\CortexM0\ARM_GCC_541\Debug\main.o
 .debug_ranges  0x00000048       0x28 .\CortexM0\ARM_GCC_541\Debug\cyfitter_cfg.o
 .debug_ranges  0x00000070       0x38 .\CortexM0\ARM_GCC_541\Debug\Cm0Start.o
 .debug_ranges  0x000000a8       0x80 .\CortexM0\ARM_GCC_541\Debug\Kursova_7_Varik.a(Timer_1.o)
 .debug_ranges  0x00000128       0x70 .\CortexM0\ARM_GCC_541\Debug\Kursova_7_Varik.a(isr_1.o)
 .debug_ranges  0x00000198       0x50 .\CortexM0\ARM_GCC_541\Debug\Kursova_7_Varik.a(UART_1.o)
 .debug_ranges  0x000001e8       0x50 .\CortexM0\ARM_GCC_541\Debug\Kursova_7_Varik.a(UART_1_SPI_UART.o)
 .debug_ranges  0x00000238       0x58 .\CortexM0\ARM_GCC_541\Debug\Kursova_7_Varik.a(UART_1_UART.o)
 .debug_ranges  0x00000290       0x38 .\CortexM0\ARM_GCC_541\Debug\Kursova_7_Varik.a(BLUE.o)
 .debug_ranges  0x000002c8       0x38 .\CortexM0\ARM_GCC_541\Debug\Kursova_7_Varik.a(GREEN.o)
 .debug_ranges  0x00000300       0x38 .\CortexM0\ARM_GCC_541\Debug\Kursova_7_Varik.a(RED.o)
 .debug_ranges  0x00000338      0x170 .\CortexM0\ARM_GCC_541\Debug\Kursova_7_Varik.a(CyLib.o)
 .debug_ranges  0x000004a8      0x128 .\CortexM0\ARM_GCC_541\Debug\Kursova_7_Varik.a(CyLFClk.o)

.comment        0x00000000       0x6e
 .comment       0x00000000       0x6e .\CortexM0\ARM_GCC_541\Debug\main.o
                                 0x6f (size before relaxing)
 .comment       0x0000006e       0x6f .\CortexM0\ARM_GCC_541\Debug\cyfitter_cfg.o
 .comment       0x0000006e       0x6f .\CortexM0\ARM_GCC_541\Debug\cymetadata.o
 .comment       0x0000006e       0x6f .\CortexM0\ARM_GCC_541\Debug\Cm0Start.o
 .comment       0x0000006e       0x6f .\CortexM0\ARM_GCC_541\Debug\Kursova_7_Varik.a(Timer_1.o)
 .comment       0x0000006e       0x6f .\CortexM0\ARM_GCC_541\Debug\Kursova_7_Varik.a(isr_1.o)
 .comment       0x0000006e       0x6f .\CortexM0\ARM_GCC_541\Debug\Kursova_7_Varik.a(UART_1.o)
 .comment       0x0000006e       0x6f .\CortexM0\ARM_GCC_541\Debug\Kursova_7_Varik.a(UART_1_SPI_UART.o)
 .comment       0x0000006e       0x6f .\CortexM0\ARM_GCC_541\Debug\Kursova_7_Varik.a(UART_1_UART.o)
 .comment       0x0000006e       0x6f .\CortexM0\ARM_GCC_541\Debug\Kursova_7_Varik.a(BLUE.o)
 .comment       0x0000006e       0x6f .\CortexM0\ARM_GCC_541\Debug\Kursova_7_Varik.a(GREEN.o)
 .comment       0x0000006e       0x6f .\CortexM0\ARM_GCC_541\Debug\Kursova_7_Varik.a(RED.o)
 .comment       0x0000006e       0x6f .\CortexM0\ARM_GCC_541\Debug\Kursova_7_Varik.a(CyLib.o)
 .comment       0x0000006e       0x6f .\CortexM0\ARM_GCC_541\Debug\Kursova_7_Varik.a(CyLFClk.o)

.debug_weaknames
 *(.debug_weaknames)

.debug_funcnames
 *(.debug_funcnames)

.debug_typenames
 *(.debug_typenames)

.debug_varnames
 *(.debug_varnames)

.note.gnu.arm.ident
 *(.note.gnu.arm.ident)

.ARM.attributes
                0x00000000       0x28
 *(.ARM.attributes)
 .ARM.attributes
                0x00000000       0x1e c:/program files (x86)/cypress/psoc creator/4.4/psoc creator/import/gnu/arm/5.4.1/bin/../lib/gcc/arm-none-eabi/5.4.1/armv6-m/crti.o
 .ARM.attributes
                0x0000001e       0x2c c:/program files (x86)/cypress/psoc creator/4.4/psoc creator/import/gnu/arm/5.4.1/bin/../lib/gcc/arm-none-eabi/5.4.1/armv6-m/crtbegin.o
 .ARM.attributes
                0x0000004a       0x1b c:/program files (x86)/cypress/psoc creator/4.4/psoc creator/import/gnu/arm/5.4.1/bin/../lib/gcc/arm-none-eabi/5.4.1/../../../../arm-none-eabi/lib/armv6-m/crt0.o
 .ARM.attributes
                0x00000065       0x31 .\CortexM0\ARM_GCC_541\Debug\main.o
 .ARM.attributes
                0x00000096       0x31 .\CortexM0\ARM_GCC_541\Debug\cyfitter_cfg.o
 .ARM.attributes
                0x000000c7       0x31 .\CortexM0\ARM_GCC_541\Debug\cymetadata.o
 .ARM.attributes
                0x000000f8       0x31 .\CortexM0\ARM_GCC_541\Debug\Cm0Start.o
 .ARM.attributes
                0x00000129       0x31 .\CortexM0\ARM_GCC_541\Debug\Kursova_7_Varik.a(Timer_1.o)
 .ARM.attributes
                0x0000015a       0x31 .\CortexM0\ARM_GCC_541\Debug\Kursova_7_Varik.a(isr_1.o)
 .ARM.attributes
                0x0000018b       0x31 .\CortexM0\ARM_GCC_541\Debug\Kursova_7_Varik.a(UART_1.o)
 .ARM.attributes
                0x000001bc       0x31 .\CortexM0\ARM_GCC_541\Debug\Kursova_7_Varik.a(UART_1_SPI_UART.o)
 .ARM.attributes
                0x000001ed       0x31 .\CortexM0\ARM_GCC_541\Debug\Kursova_7_Varik.a(UART_1_UART.o)
 .ARM.attributes
                0x0000021e       0x31 .\CortexM0\ARM_GCC_541\Debug\Kursova_7_Varik.a(BLUE.o)
 .ARM.attributes
                0x0000024f       0x31 .\CortexM0\ARM_GCC_541\Debug\Kursova_7_Varik.a(GREEN.o)
 .ARM.attributes
                0x00000280       0x31 .\CortexM0\ARM_GCC_541\Debug\Kursova_7_Varik.a(RED.o)
 .ARM.attributes
                0x000002b1       0x31 .\CortexM0\ARM_GCC_541\Debug\Kursova_7_Varik.a(CyLib.o)
 .ARM.attributes
                0x000002e2       0x31 .\CortexM0\ARM_GCC_541\Debug\Kursova_7_Varik.a(CyLFClk.o)
 .ARM.attributes
                0x00000313       0x21 .\CortexM0\ARM_GCC_541\Debug\Kursova_7_Varik.a(CyBootAsmGnu.o)
 .ARM.attributes
                0x00000334       0x1e c:/program files (x86)/cypress/psoc creator/4.4/psoc creator/import/gnu/arm/5.4.1/bin/../lib/gcc/arm-none-eabi/5.4.1/armv6-m\libgcc.a(_udivsi3.o)
 .ARM.attributes
                0x00000352       0x1e c:/program files (x86)/cypress/psoc creator/4.4/psoc creator/import/gnu/arm/5.4.1/bin/../lib/gcc/arm-none-eabi/5.4.1/armv6-m\libgcc.a(_dvmd_tls.o)
 .ARM.attributes
                0x00000370       0x2c c:/program files (x86)/cypress/psoc creator/4.4/psoc creator/import/gnu/arm/5.4.1/bin/../lib/gcc/arm-none-eabi/5.4.1/../../../../arm-none-eabi/lib/armv6-m\libg_nano.a(lib_a-errno.o)
 .ARM.attributes
                0x0000039c       0x2c c:/program files (x86)/cypress/psoc creator/4.4/psoc creator/import/gnu/arm/5.4.1/bin/../lib/gcc/arm-none-eabi/5.4.1/../../../../arm-none-eabi/lib/armv6-m\libg_nano.a(lib_a-exit.o)
 .ARM.attributes
                0x000003c8       0x2c c:/program files (x86)/cypress/psoc creator/4.4/psoc creator/import/gnu/arm/5.4.1/bin/../lib/gcc/arm-none-eabi/5.4.1/../../../../arm-none-eabi/lib/armv6-m\libg_nano.a(lib_a-impure.o)
 .ARM.attributes
                0x000003f4       0x2c c:/program files (x86)/cypress/psoc creator/4.4/psoc creator/import/gnu/arm/5.4.1/bin/../lib/gcc/arm-none-eabi/5.4.1/../../../../arm-none-eabi/lib/armv6-m\libg_nano.a(lib_a-init.o)
 .ARM.attributes
                0x00000420       0x2c c:/program files (x86)/cypress/psoc creator/4.4/psoc creator/import/gnu/arm/5.4.1/bin/../lib/gcc/arm-none-eabi/5.4.1/../../../../arm-none-eabi/lib/armv6-m\libg_nano.a(lib_a-memset.o)
 .ARM.attributes
                0x0000044c       0x2c c:/program files (x86)/cypress/psoc creator/4.4/psoc creator/import/gnu/arm/5.4.1/bin/../lib/gcc/arm-none-eabi/5.4.1/armv6-m/crtend.o
 .ARM.attributes
                0x00000478       0x1e c:/program files (x86)/cypress/psoc creator/4.4/psoc creator/import/gnu/arm/5.4.1/bin/../lib/gcc/arm-none-eabi/5.4.1/armv6-m/crtn.o

/DISCARD/
 *(.note.GNU-stack)
OUTPUT(C:\Users\ribot\Documents\PSoC Creator\Kursovi\Kursova_7_Varik.cydsn\CortexM0\ARM_GCC_541\Debug\Kursova_7_Varik.elf elf32-littlearm)
